Archive member included to satisfy reference by file (symbol)

c:/qmk_msys/mingw64/bin/../lib/gcc/arm-none-eabi/10.1.0/../../../../arm-none-eabi/lib/thumb/v7e-m+fp/hard\libc_nano.a(lib_a-init.o)
                              _build/stm32f401ce_discovery/obj/lib/st/cmsis_device_f4/Source/Templates/gcc/startup_stm32f401xc.o (__libc_init_array)
c:/qmk_msys/mingw64/bin/../lib/gcc/arm-none-eabi/10.1.0/thumb/v7e-m+fp/hard\libgcc.a(_aeabi_ldivmod.o)
                              C:\QMK_MSYS\tmp\tinyuf2-stm32f401ce_discovery.elf.HhFY0g.ltrans0.ltrans.o (__aeabi_ldivmod)
c:/qmk_msys/mingw64/bin/../lib/gcc/arm-none-eabi/10.1.0/thumb/v7e-m+fp/hard\libgcc.a(_aeabi_uldivmod.o)
                              C:\QMK_MSYS\tmp\tinyuf2-stm32f401ce_discovery.elf.HhFY0g.ltrans0.ltrans.o (__aeabi_uldivmod)
c:/qmk_msys/mingw64/bin/../lib/gcc/arm-none-eabi/10.1.0/thumb/v7e-m+fp/hard\libgcc.a(_udivmoddi4.o)
                              c:/qmk_msys/mingw64/bin/../lib/gcc/arm-none-eabi/10.1.0/thumb/v7e-m+fp/hard\libgcc.a(_aeabi_ldivmod.o) (__udivmoddi4)
c:/qmk_msys/mingw64/bin/../lib/gcc/arm-none-eabi/10.1.0/thumb/v7e-m+fp/hard\libgcc.a(_dvmd_tls.o)
                              c:/qmk_msys/mingw64/bin/../lib/gcc/arm-none-eabi/10.1.0/thumb/v7e-m+fp/hard\libgcc.a(_aeabi_ldivmod.o) (__aeabi_ldiv0)
c:/qmk_msys/mingw64/bin/../lib/gcc/arm-none-eabi/10.1.0/../../../../arm-none-eabi/lib/thumb/v7e-m+fp/hard\libc_nano.a(lib_a-memcpy.o)
                              C:\QMK_MSYS\tmp\tinyuf2-stm32f401ce_discovery.elf.HhFY0g.ltrans0.ltrans.o (memcpy)
c:/qmk_msys/mingw64/bin/../lib/gcc/arm-none-eabi/10.1.0/../../../../arm-none-eabi/lib/thumb/v7e-m+fp/hard\libc_nano.a(lib_a-memset.o)
                              C:\QMK_MSYS\tmp\tinyuf2-stm32f401ce_discovery.elf.HhFY0g.ltrans0.ltrans.o (memset)
c:/qmk_msys/mingw64/bin/../lib/gcc/arm-none-eabi/10.1.0/../../../../arm-none-eabi/lib/thumb/v7e-m+fp/hard\libc_nano.a(lib_a-strlen.o)
                              C:\QMK_MSYS\tmp\tinyuf2-stm32f401ce_discovery.elf.HhFY0g.ltrans0.ltrans.o (strlen)

Discarded input sections

 .text          0x0000000000000000       0x14 _build/stm32f401ce_discovery/obj/lib/st/cmsis_device_f4/Source/Templates/gcc/startup_stm32f401xc.o
 .data          0x0000000000000000        0x0 _build/stm32f401ce_discovery/obj/lib/st/cmsis_device_f4/Source/Templates/gcc/startup_stm32f401xc.o
 .bss           0x0000000000000000        0x0 _build/stm32f401ce_discovery/obj/lib/st/cmsis_device_f4/Source/Templates/gcc/startup_stm32f401xc.o
 .text          0x0000000000000000        0x0 C:\QMK_MSYS\tmp\tinyuf2-stm32f401ce_discovery.elf.HhFY0g.ltrans0.ltrans.o
 .data          0x0000000000000000        0x0 C:\QMK_MSYS\tmp\tinyuf2-stm32f401ce_discovery.elf.HhFY0g.ltrans0.ltrans.o
 .bss           0x0000000000000000        0x0 C:\QMK_MSYS\tmp\tinyuf2-stm32f401ce_discovery.elf.HhFY0g.ltrans0.ltrans.o
 .comment       0x0000000000000000       0x13 C:\QMK_MSYS\tmp\ccJNC1E0.debug.temp.o
 .debug_info    0x0000000000000000      0x106 C:\QMK_MSYS\tmp\ccInTawD.debug.temp.o
 .debug_abbrev  0x0000000000000000       0x68 C:\QMK_MSYS\tmp\ccInTawD.debug.temp.o
 .debug_line    0x0000000000000000       0xbe C:\QMK_MSYS\tmp\ccInTawD.debug.temp.o
 .debug_str     0x0000000000000000      0x1c3 C:\QMK_MSYS\tmp\ccInTawD.debug.temp.o
 .comment       0x0000000000000000       0x13 C:\QMK_MSYS\tmp\ccInTawD.debug.temp.o
 .comment       0x0000000000000000       0x13 C:\QMK_MSYS\tmp\cc3I2Oxg.debug.temp.o
 .comment       0x0000000000000000       0x13 C:\QMK_MSYS\tmp\cc0D8MAT.debug.temp.o
 .debug_info    0x0000000000000000       0x72 C:\QMK_MSYS\tmp\ccTCrENw.debug.temp.o
 .debug_abbrev  0x0000000000000000       0x26 C:\QMK_MSYS\tmp\ccTCrENw.debug.temp.o
 .debug_line    0x0000000000000000       0x1e C:\QMK_MSYS\tmp\ccTCrENw.debug.temp.o
 .debug_str     0x0000000000000000      0x19c C:\QMK_MSYS\tmp\ccTCrENw.debug.temp.o
 .comment       0x0000000000000000       0x13 C:\QMK_MSYS\tmp\ccTCrENw.debug.temp.o
 .comment       0x0000000000000000       0x13 C:\QMK_MSYS\tmp\ccMn3a58.debug.temp.o
 .comment       0x0000000000000000       0x13 C:\QMK_MSYS\tmp\ccpuQfxL.debug.temp.o
 .comment       0x0000000000000000       0x13 C:\QMK_MSYS\tmp\ccaRlq8n.debug.temp.o
 .comment       0x0000000000000000       0x13 C:\QMK_MSYS\tmp\ccpjouGZ.debug.temp.o
 .comment       0x0000000000000000       0x13 C:\QMK_MSYS\tmp\ccghNQnB.debug.temp.o
 .debug_info    0x0000000000000000       0x1d C:\QMK_MSYS\tmp\cclyAudd.debug.temp.o
 .debug_abbrev  0x0000000000000000       0x10 C:\QMK_MSYS\tmp\cclyAudd.debug.temp.o
 .debug_line    0x0000000000000000       0x1e C:\QMK_MSYS\tmp\cclyAudd.debug.temp.o
 .debug_str     0x0000000000000000      0x121 C:\QMK_MSYS\tmp\cclyAudd.debug.temp.o
 .comment       0x0000000000000000       0x13 C:\QMK_MSYS\tmp\cclyAudd.debug.temp.o
 .debug_info    0x0000000000000000       0x1d C:\QMK_MSYS\tmp\ccQstIbP.debug.temp.o
 .debug_abbrev  0x0000000000000000       0x10 C:\QMK_MSYS\tmp\ccQstIbP.debug.temp.o
[...]
Memory Configuration

Name             Origin             Length             Attributes
RAM              0x0000000020000000 0x000000000000fffc xrw
FLASH            0x0000000008000000 0x0000000000007c00 xr
CONFIG           0x0000000008007c00 0x0000000000000400 xr
*default*        0x0000000000000000 0xffffffffffffffff

Linker script and memory map

                0x000000002000fffc                _estack = (ORIGIN (RAM) + LENGTH (RAM))
                0x000000002000fffc                _board_dfu_dbl_tap = _estack
                0x0000000000000200                _Min_Heap_Size = 0x200
                0x0000000000000400                _Min_Stack_Size = 0x400

.isr_vector     0x0000000008000000      0x194
                0x0000000008000000                . = ALIGN (0x4)
 *(.isr_vector)
 .isr_vector    0x0000000008000000      0x194 _build/stm32f401ce_discovery/obj/lib/st/cmsis_device_f4/Source/Templates/gcc/startup_stm32f401xc.o
                0x0000000008000000                g_pfnVectors
                0x0000000008000194                . = ALIGN (0x4)

.text           0x00000000080001c0     0x37ec
                0x00000000080001c0                . = ALIGN (0x4)
 *(.text)
 .text          0x00000000080001c0       0x48 c:/qmk_msys/mingw64/bin/../lib/gcc/arm-none-eabi/10.1.0/../../../../arm-none-eabi/lib/thumb/v7e-m+fp/hard\libc_nano.a(lib_a-init.o)
                0x00000000080001c0                __libc_init_array
 .text          0x0000000008000208      0x134 c:/qmk_msys/mingw64/bin/../lib/gcc/arm-none-eabi/10.1.0/../../../../arm-none-eabi/lib/thumb/v7e-m+fp/hard\libc_nano.a(lib_a-memcpy.o)
                0x0000000008000208                memcpy
 .text          0x000000000800033c       0xa0 c:/qmk_msys/mingw64/bin/../lib/gcc/arm-none-eabi/10.1.0/../../../../arm-none-eabi/lib/thumb/v7e-m+fp/hard\libc_nano.a(lib_a-memset.o)
                0x000000000800033c                memset
 *fill*         0x00000000080003dc       0x24 
 .text          0x0000000008000400       0xdc c:/qmk_msys/mingw64/bin/../lib/gcc/arm-none-eabi/10.1.0/../../../../arm-none-eabi/lib/thumb/v7e-m+fp/hard\libc_nano.a(lib_a-strlen.o)
                0x0000000008000400                strlen
 .text          0x00000000080004dc       0x30 c:/qmk_msys/mingw64/bin/../lib/gcc/arm-none-eabi/10.1.0/thumb/v7e-m+fp/hard\libgcc.a(_aeabi_uldivmod.o)
                0x00000000080004dc                __aeabi_uldivmod
 .text          0x000000000800050c        0x4 c:/qmk_msys/mingw64/bin/../lib/gcc/arm-none-eabi/10.1.0/thumb/v7e-m+fp/hard\libgcc.a(_dvmd_tls.o)
                0x000000000800050c                __aeabi_idiv0
                0x000000000800050c                __aeabi_ldiv0
 *(.text*)
 .text.Reset_Handler
                0x0000000008000510       0x50 _build/stm32f401ce_discovery/obj/lib/st/cmsis_device_f4/Source/Templates/gcc/startup_stm32f401xc.o
                0x0000000008000510                Reset_Handler
 .text.Default_Handler
                0x0000000008000560        0x2 _build/stm32f401ce_discovery/obj/lib/st/cmsis_device_f4/Source/Templates/gcc/startup_stm32f401xc.o
                0x0000000008000560                RTC_Alarm_IRQHandler
                0x0000000008000560                EXTI2_IRQHandler
                0x0000000008000560                DebugMon_Handler
                0x0000000008000560                SPI4_IRQHandler
                0x0000000008000560                TIM1_CC_IRQHandler
                0x0000000008000560                DMA2_Stream5_IRQHandler
                0x0000000008000560                HardFault_Handler
                0x0000000008000560                DMA1_Stream5_IRQHandler
                0x0000000008000560                PVD_IRQHandler
                0x0000000008000560                SDIO_IRQHandler
                0x0000000008000560                TAMP_STAMP_IRQHandler
                0x0000000008000560                PendSV_Handler
                0x0000000008000560                NMI_Handler
                0x0000000008000560                EXTI3_IRQHandler
                0x0000000008000560                TIM1_UP_TIM10_IRQHandler
                0x0000000008000560                I2C3_ER_IRQHandler
                0x0000000008000560                EXTI0_IRQHandler
                0x0000000008000560                I2C2_EV_IRQHandler
                0x0000000008000560                DMA1_Stream2_IRQHandler
                0x0000000008000560                FPU_IRQHandler
                0x0000000008000560                UsageFault_Handler
                0x0000000008000560                DMA2_Stream2_IRQHandler
                0x0000000008000560                SPI1_IRQHandler
                0x0000000008000560                TIM1_BRK_TIM9_IRQHandler
                0x0000000008000560                DMA2_Stream3_IRQHandler
                0x0000000008000560                USART6_IRQHandler
                0x0000000008000560                DMA2_Stream0_IRQHandler
                0x0000000008000560                TIM4_IRQHandler
                0x0000000008000560                I2C1_EV_IRQHandler
                0x0000000008000560                DMA1_Stream6_IRQHandler
                0x0000000008000560                DMA1_Stream1_IRQHandler
                0x0000000008000560                TIM3_IRQHandler
                0x0000000008000560                RCC_IRQHandler
                0x0000000008000560                Default_Handler
                0x0000000008000560                EXTI15_10_IRQHandler
                0x0000000008000560                ADC_IRQHandler
                0x0000000008000560                DMA1_Stream7_IRQHandler
                0x0000000008000560                TIM5_IRQHandler
                0x0000000008000560                DMA2_Stream7_IRQHandler
                0x0000000008000560                I2C3_EV_IRQHandler
                0x0000000008000560                EXTI9_5_IRQHandler
                0x0000000008000560                RTC_WKUP_IRQHandler
                0x0000000008000560                SPI2_IRQHandler
                0x0000000008000560                MemManage_Handler
                0x0000000008000560                DMA1_Stream0_IRQHandler
                0x0000000008000560                SVC_Handler
                0x0000000008000560                EXTI4_IRQHandler
                0x0000000008000560                WWDG_IRQHandler
                0x0000000008000560                TIM2_IRQHandler
                0x0000000008000560                OTG_FS_WKUP_IRQHandler
                0x0000000008000560                TIM1_TRG_COM_TIM11_IRQHandler
                0x0000000008000560                EXTI1_IRQHandler
                0x0000000008000560                USART2_IRQHandler
                0x0000000008000560                I2C2_ER_IRQHandler
                0x0000000008000560                DMA2_Stream1_IRQHandler
                0x0000000008000560                FLASH_IRQHandler
                0x0000000008000560                DMA2_Stream4_IRQHandler
                0x0000000008000560                BusFault_Handler
                0x0000000008000560                USART1_IRQHandler
                0x0000000008000560                SPI3_IRQHandler
                0x0000000008000560                DMA1_Stream4_IRQHandler
                0x0000000008000560                I2C1_ER_IRQHandler
                0x0000000008000560                DMA2_Stream6_IRQHandler
                0x0000000008000560                DMA1_Stream3_IRQHandler
 .text.dcd_edpt_stall.isra.0
                0x0000000008000562       0xd0 C:\QMK_MSYS\tmp\tinyuf2-stm32f401ce_discovery.elf.HhFY0g.ltrans0.ltrans.o
 .text.tusb_init.part.0
                0x0000000008000632       0x12 C:\QMK_MSYS\tmp\tinyuf2-stm32f401ce_discovery.elf.HhFY0g.ltrans0.ltrans.o
 .text.get_driver
                0x0000000008000644       0x40 C:\QMK_MSYS\tmp\tinyuf2-stm32f401ce_discovery.elf.HhFY0g.ltrans0.ltrans.o
 .text.invoke_class_control
                0x0000000008000684       0x10 C:\QMK_MSYS\tmp\tinyuf2-stm32f401ce_discovery.elf.HhFY0g.ltrans0.ltrans.o
 .text.board_timer_start
                0x0000000008000694       0x38 C:\QMK_MSYS\tmp\tinyuf2-stm32f401ce_discovery.elf.HhFY0g.ltrans0.ltrans.o
 .text.board_timer_stop
                0x00000000080006cc        0xe C:\QMK_MSYS\tmp\tinyuf2-stm32f401ce_discovery.elf.HhFY0g.ltrans0.ltrans.o
 *fill*         0x00000000080006da        0x2 
 .text.HAL_GPIO_Init
                0x00000000080006dc      0x1a0 C:\QMK_MSYS\tmp\tinyuf2-stm32f401ce_discovery.elf.HhFY0g.ltrans0.ltrans.o
 .text.FLASH_WaitForLastOperation
                0x000000000800087c       0xbc C:\QMK_MSYS\tmp\tinyuf2-stm32f401ce_discovery.elf.HhFY0g.ltrans0.ltrans.o
 .text.edpt_schedule_packets.constprop.0
                0x0000000008000938       0xf8 C:\QMK_MSYS\tmp\tinyuf2-stm32f401ce_discovery.elf.HhFY0g.ltrans0.ltrans.o
 .text.usbd_edpt_stall.isra.0
                0x0000000008000a30       0x34 C:\QMK_MSYS\tmp\tinyuf2-stm32f401ce_discovery.elf.HhFY0g.ltrans0.ltrans.o
 .text.fail_scsi_op.constprop.0.isra.0
                0x0000000008000a64       0x4c C:\QMK_MSYS\tmp\tinyuf2-stm32f401ce_discovery.elf.HhFY0g.ltrans0.ltrans.o
 .text.usbd_edpt_xfer.isra.0
                0x0000000008000ab0       0x90 C:\QMK_MSYS\tmp\tinyuf2-stm32f401ce_discovery.elf.HhFY0g.ltrans0.ltrans.o
 .text.hidd_xfer_cb
                0x0000000008000b40       0x64 C:\QMK_MSYS\tmp\tinyuf2-stm32f401ce_discovery.elf.HhFY0g.ltrans0.ltrans.o
 .text.proc_write10_cmd.constprop.0.isra.0
                0x0000000008000ba4       0x60 C:\QMK_MSYS\tmp\tinyuf2-stm32f401ce_discovery.elf.HhFY0g.ltrans0.ltrans.o
 .text._status_stage_xact.isra.0
                0x0000000008000c04       0x14 C:\QMK_MSYS\tmp\tinyuf2-stm32f401ce_discovery.elf.HhFY0g.ltrans0.ltrans.o
 .text.tud_control_status.isra.0
                0x0000000008000c18       0x24 C:\QMK_MSYS\tmp\tinyuf2-stm32f401ce_discovery.elf.HhFY0g.ltrans0.ltrans.o
 .text.usbd_open_edpt_pair.isra.0
                0x0000000008000c3c      0x1e8 C:\QMK_MSYS\tmp\tinyuf2-stm32f401ce_discovery.elf.HhFY0g.ltrans0.ltrans.o
 .text.hidd_open
                0x0000000008000e24       0xa4 C:\QMK_MSYS\tmp\tinyuf2-stm32f401ce_discovery.elf.HhFY0g.ltrans0.ltrans.o
 .text.mscd_open
                0x0000000008000ec8       0x8c C:\QMK_MSYS\tmp\tinyuf2-stm32f401ce_discovery.elf.HhFY0g.ltrans0.ltrans.o
 .text._ff_push_const_addr
                0x0000000008000f54       0x28 C:\QMK_MSYS\tmp\tinyuf2-stm32f401ce_discovery.elf.HhFY0g.ltrans0.ltrans.o
 .text._ff_pull_const_addr
                0x0000000008000f7c       0x2e C:\QMK_MSYS\tmp\tinyuf2-stm32f401ce_discovery.elf.HhFY0g.ltrans0.ltrans.o
 *fill*         0x0000000008000faa        0x2 
 .text._data_stage_xact.isra.0
                0x0000000008000fac       0x54 C:\QMK_MSYS\tmp\tinyuf2-stm32f401ce_discovery.elf.HhFY0g.ltrans0.ltrans.o
 .text.tud_control_xfer.isra.0
                0x0000000008001000       0x64 C:\QMK_MSYS\tmp\tinyuf2-stm32f401ce_discovery.elf.HhFY0g.ltrans0.ltrans.o
 .text.hidd_control_xfer_cb
                0x0000000008001064      0x144 C:\QMK_MSYS\tmp\tinyuf2-stm32f401ce_discovery.elf.HhFY0g.ltrans0.ltrans.o
 .text.mscd_control_xfer_cb
                0x00000000080011a8      0x114 C:\QMK_MSYS\tmp\tinyuf2-stm32f401ce_discovery.elf.HhFY0g.ltrans0.ltrans.o
 .text.osal_queue_send.isra.0
                0x00000000080012bc       0x98 C:\QMK_MSYS\tmp\tinyuf2-stm32f401ce_discovery.elf.HhFY0g.ltrans0.ltrans.o
 .text.dcd_event_bus_signal.constprop.0
                0x0000000008001354       0x88 C:\QMK_MSYS\tmp\tinyuf2-stm32f401ce_discovery.elf.HhFY0g.ltrans0.ltrans.o
 .text.configuration_reset
                0x00000000080013dc       0x50 C:\QMK_MSYS\tmp\tinyuf2-stm32f401ce_discovery.elf.HhFY0g.ltrans0.ltrans.o
 .text.hidd_reset
                0x000000000800142c       0x10 C:\QMK_MSYS\tmp\tinyuf2-stm32f401ce_discovery.elf.HhFY0g.ltrans0.ltrans.o
 .text.hidd_init
                0x000000000800143c        0x6 C:\QMK_MSYS\tmp\tinyuf2-stm32f401ce_discovery.elf.HhFY0g.ltrans0.ltrans.o
 *fill*         0x0000000008001442        0x2 
 .text.mscd_init
                0x0000000008001444       0x10 C:\QMK_MSYS\tmp\tinyuf2-stm32f401ce_discovery.elf.HhFY0g.ltrans0.ltrans.o
 .text.mscd_reset
                0x0000000008001454       0x10 C:\QMK_MSYS\tmp\tinyuf2-stm32f401ce_discovery.elf.HhFY0g.ltrans0.ltrans.o
 .text.tud_mount_cb
                0x0000000008001464       0x28 C:\QMK_MSYS\tmp\tinyuf2-stm32f401ce_discovery.elf.HhFY0g.ltrans0.ltrans.o
 .text.tud_umount_cb
                0x000000000800148c       0x2c C:\QMK_MSYS\tmp\tinyuf2-stm32f401ce_discovery.elf.HhFY0g.ltrans0.ltrans.o
 .text.tud_msc_write10_complete_cb
                0x00000000080014b8       0x84 C:\QMK_MSYS\tmp\tinyuf2-stm32f401ce_discovery.elf.HhFY0g.ltrans0.ltrans.o
 .text.dcd_event_xfer_complete.constprop.0
                0x000000000800153c       0x2c C:\QMK_MSYS\tmp\tinyuf2-stm32f401ce_discovery.elf.HhFY0g.ltrans0.ltrans.o
 .text.proc_read10_cmd.constprop.0
                0x0000000008001568      0x32c C:\QMK_MSYS\tmp\tinyuf2-stm32f401ce_discovery.elf.HhFY0g.ltrans0.ltrans.o
 .text.mscd_xfer_cb
                0x0000000008001894      0x66c C:\QMK_MSYS\tmp\tinyuf2-stm32f401ce_discovery.elf.HhFY0g.ltrans0.ltrans.o
 .text.startup.main
                0x0000000008001f00     0x1090 C:\QMK_MSYS\tmp\tinyuf2-stm32f401ce_discovery.elf.HhFY0g.ltrans0.ltrans.o
                0x0000000008001f00                main
 .text._init    0x0000000008002f90        0x2 C:\QMK_MSYS\tmp\tinyuf2-stm32f401ce_discovery.elf.HhFY0g.ltrans0.ltrans.o
                0x0000000008002f90                _init
 *fill*         0x0000000008002f92        0x2 
 .text.SysTick_Handler
                0x0000000008002f94       0x5c C:\QMK_MSYS\tmp\tinyuf2-stm32f401ce_discovery.elf.HhFY0g.ltrans0.ltrans.o
                0x0000000008002f94                SysTick_Handler
 .text.OTG_FS_IRQHandler
                0x0000000008002ff0      0x6fc C:\QMK_MSYS\tmp\tinyuf2-stm32f401ce_discovery.elf.HhFY0g.ltrans0.ltrans.o
                0x0000000008002ff0                OTG_FS_IRQHandler
 .text.SystemInit
                0x00000000080036ec       0x14 C:\QMK_MSYS\tmp\tinyuf2-stm32f401ce_discovery.elf.HhFY0g.ltrans0.ltrans.o
                0x00000000080036ec                SystemInit
 .text.__udivmoddi4
                0x0000000008003700      0x2aa c:/qmk_msys/mingw64/bin/../lib/gcc/arm-none-eabi/10.1.0/thumb/v7e-m+fp/hard\libgcc.a(_udivmoddi4.o)
                0x0000000008003700                __udivmoddi4
 *(.glue_7)
 .glue_7        0x00000000080039aa        0x0 linker stubs
 *(.glue_7t)
 .glue_7t       0x00000000080039aa        0x0 linker stubs
 *(.eh_frame)
 *(.init)
 *(.fini)
                0x00000000080039ac                . = ALIGN (0x4)
 *fill*         0x00000000080039aa        0x2 
                0x00000000080039ac                _etext = .

.vfp11_veneer   0x00000000080039ac        0x0
 .vfp11_veneer  0x00000000080039ac        0x0 linker stubs

.v4_bx          0x00000000080039ac        0x0
 .v4_bx         0x00000000080039ac        0x0 linker stubs

.iplt           0x00000000080039ac        0x0
 .iplt          0x00000000080039ac        0x0 _build/stm32f401ce_discovery/obj/lib/st/cmsis_device_f4/Source/Templates/gcc/startup_stm32f401xc.o

.rodata         0x00000000080039ac      0x354
                0x00000000080039ac                . = ALIGN (0x4)
 *(.rodata)
 .rodata        0x00000000080039ac        0x6 C:\QMK_MSYS\tmp\tinyuf2-stm32f401ce_discovery.elf.HhFY0g.ltrans0.ltrans.o
 *(.rodata*)
 .rodata.tud_msc_write10_complete_cb.str1.1
                0x00000000080039b2        0x3 C:\QMK_MSYS\tmp\tinyuf2-stm32f401ce_discovery.elf.HhFY0g.ltrans0.ltrans.o
 .rodata.mscd_xfer_cb.str1.1
                0x00000000080039b5       0x18 C:\QMK_MSYS\tmp\tinyuf2-stm32f401ce_discovery.elf.HhFY0g.ltrans0.ltrans.o
 .rodata.main.str1.1
                0x00000000080039cd       0x11 C:\QMK_MSYS\tmp\tinyuf2-stm32f401ce_discovery.elf.HhFY0g.ltrans0.ltrans.o
 .rodata.str1.1
                0x00000000080039de       0x32 C:\QMK_MSYS\tmp\tinyuf2-stm32f401ce_discovery.elf.HhFY0g.ltrans0.ltrans.o
 .rodata.AHBPrescTable
                0x0000000008003a10       0x10 C:\QMK_MSYS\tmp\tinyuf2-stm32f401ce_discovery.elf.HhFY0g.ltrans0.ltrans.o
 .rodata.BootBlock
                0x0000000008003a20       0x3e C:\QMK_MSYS\tmp\tinyuf2-stm32f401ce_discovery.elf.HhFY0g.ltrans0.ltrans.o
 .rodata.__compound_literal.0
                0x0000000008003a5e        0x2 C:\QMK_MSYS\tmp\tinyuf2-stm32f401ce_discovery.elf.HhFY0g.ltrans0.ltrans.o
 .rodata._usbd_driver
                0x0000000008003a60       0x30 C:\QMK_MSYS\tmp\tinyuf2-stm32f401ce_discovery.elf.HhFY0g.ltrans0.ltrans.o
 .rodata.desc_configuration
                0x0000000008003a90       0x40 C:\QMK_MSYS\tmp\tinyuf2-stm32f401ce_discovery.elf.HhFY0g.ltrans0.ltrans.o
 .rodata.desc_device
                0x0000000008003ad0       0x12 C:\QMK_MSYS\tmp\tinyuf2-stm32f401ce_discovery.elf.HhFY0g.ltrans0.ltrans.o
 .rodata.desc_hid_report
                0x0000000008003ae2       0x22 C:\QMK_MSYS\tmp\tinyuf2-stm32f401ce_discovery.elf.HhFY0g.ltrans0.ltrans.o
 .rodata.indexFile
                0x0000000008003b04       0x9b C:\QMK_MSYS\tmp\tinyuf2-stm32f401ce_discovery.elf.HhFY0g.ltrans0.ltrans.o
 .rodata.infoUf2File
                0x0000000008003b9f       0xe5 C:\QMK_MSYS\tmp\tinyuf2-stm32f401ce_discovery.elf.HhFY0g.ltrans0.ltrans.o
 .rodata.sector_size
                0x0000000008003c84       0x60 C:\QMK_MSYS\tmp\tinyuf2-stm32f401ce_discovery.elf.HhFY0g.ltrans0.ltrans.o
 .rodata.string_desc_arr
                0x0000000008003ce4       0x1c C:\QMK_MSYS\tmp\tinyuf2-stm32f401ce_discovery.elf.HhFY0g.ltrans0.ltrans.o
                0x0000000008003d00                . = ALIGN (0x4)

.ARM.extab
 *(.ARM.extab* .gnu.linkonce.armextab.*)

.ARM            0x0000000008003d00        0x8
                0x0000000008003d00                __exidx_start = .
 *(.ARM.exidx*)
 .ARM.exidx.text.__udivmoddi4
                0x0000000008003d00        0x8 c:/qmk_msys/mingw64/bin/../lib/gcc/arm-none-eabi/10.1.0/thumb/v7e-m+fp/hard\libgcc.a(_udivmoddi4.o)
                0x0000000008003d08                __exidx_end = .

.rel.dyn        0x0000000008003d08        0x0
 .rel.iplt      0x0000000008003d08        0x0 _build/stm32f401ce_discovery/obj/lib/st/cmsis_device_f4/Source/Templates/gcc/startup_stm32f401xc.o

.preinit_array  0x0000000008003d08        0x0
                0x0000000008003d08                PROVIDE (__preinit_array_start = .)
 *(.preinit_array*)
                0x0000000008003d08                PROVIDE (__preinit_array_end = .)

.init_array     0x0000000008003d08        0x0
                0x0000000008003d08                PROVIDE (__init_array_start = .)
 *(SORT_BY_NAME(.init_array.*))
 *(.init_array*)
                0x0000000008003d08                PROVIDE (__init_array_end = .)

.fini_array     0x0000000008003d08        0x0
                [!provide]                        PROVIDE (__fini_array_start = .)
 *(SORT_BY_NAME(.fini_array.*))
 *(.fini_array*)
                [!provide]                        PROVIDE (__fini_array_end = .)
                0x0000000008007c00                . = ORIGIN (CONFIG)

.config
 *(.config)
                0x0000000008003d08                _sidata = LOADADDR (.data)

.data           0x0000000020000000       0x6c load address 0x0000000008003d08
                0x0000000020000000                . = ALIGN (0x4)
                0x0000000020000000                _sdata = .
 *(.data)
 *(.data*)
 .data.SystemCoreClock
                0x0000000020000000        0x4 C:\QMK_MSYS\tmp\tinyuf2-stm32f401ce_discovery.elf.HhFY0g.ltrans0.ltrans.o
 .data._usbd_qdef
                0x0000000020000004       0x18 C:\QMK_MSYS\tmp\tinyuf2-stm32f401ce_discovery.elf.HhFY0g.ltrans0.ltrans.o
 .data.first_write.0
                0x000000002000001c        0x1 C:\QMK_MSYS\tmp\tinyuf2-stm32f401ce_discovery.elf.HhFY0g.ltrans0.ltrans.o
 *fill*         0x000000002000001d        0x3 
 .data.info     0x0000000020000020       0x48 C:\QMK_MSYS\tmp\tinyuf2-stm32f401ce_discovery.elf.HhFY0g.ltrans0.ltrans.o
 .data.uwTickPrio
                0x0000000020000068        0x4 C:\QMK_MSYS\tmp\tinyuf2-stm32f401ce_discovery.elf.HhFY0g.ltrans0.ltrans.o
                0x000000002000006c                . = ALIGN (0x4)
                0x000000002000006c                _edata = .

.igot.plt       0x000000002000006c        0x0 load address 0x0000000008003d74
 .igot.plt      0x000000002000006c        0x0 _build/stm32f401ce_discovery/obj/lib/st/cmsis_device_f4/Source/Templates/gcc/startup_stm32f401xc.o
                0x000000002000006c                . = ALIGN (0x4)

.bss            0x000000002000006c     0x1b68 load address 0x0000000008003d74
                0x000000002000006c                _sbss = .
                0x000000002000006c                __bss_start__ = _sbss
 *(.bss)
 *(.bss*)
 .bss._allocated_fifo_words_tx
                0x000000002000006c        0x2 C:\QMK_MSYS\tmp\tinyuf2-stm32f401ce_discovery.elf.HhFY0g.ltrans0.ltrans.o
 *fill*         0x000000002000006e        0x2 
 .bss._app_driver
                0x0000000020000070        0x4 C:\QMK_MSYS\tmp\tinyuf2-stm32f401ce_discovery.elf.HhFY0g.ltrans0.ltrans.o
 .bss._app_driver_count
                0x0000000020000074        0x1 C:\QMK_MSYS\tmp\tinyuf2-stm32f401ce_discovery.elf.HhFY0g.ltrans0.ltrans.o
 *fill*         0x0000000020000075        0x3 
 .bss._ctrl_xfer
                0x0000000020000078       0x14 C:\QMK_MSYS\tmp\tinyuf2-stm32f401ce_discovery.elf.HhFY0g.ltrans0.ltrans.o
 .bss._desc_str
                0x000000002000008c       0x42 C:\QMK_MSYS\tmp\tinyuf2-stm32f401ce_discovery.elf.HhFY0g.ltrans0.ltrans.o
 *fill*         0x00000000200000ce        0x2 
 .bss._flash_size
                0x00000000200000d0        0x4 C:\QMK_MSYS\tmp\tinyuf2-stm32f401ce_discovery.elf.HhFY0g.ltrans0.ltrans.o
 .bss._hidd_itf
                0x00000000200000d4       0x8c C:\QMK_MSYS\tmp\tinyuf2-stm32f401ce_discovery.elf.HhFY0g.ltrans0.ltrans.o
 .bss._indicator_rgb
                0x0000000020000160        0x3 C:\QMK_MSYS\tmp\tinyuf2-stm32f401ce_discovery.elf.HhFY0g.ltrans0.ltrans.o
 *fill*         0x0000000020000163        0x1 
 .bss._indicator_state
                0x0000000020000164        0x4 C:\QMK_MSYS\tmp\tinyuf2-stm32f401ce_discovery.elf.HhFY0g.ltrans0.ltrans.o
 .bss._mscd_buf
                0x0000000020000168     0x1000 C:\QMK_MSYS\tmp\tinyuf2-stm32f401ce_discovery.elf.HhFY0g.ltrans0.ltrans.o
 .bss._mscd_itf
                0x0000000020001168       0x40 C:\QMK_MSYS\tmp\tinyuf2-stm32f401ce_discovery.elf.HhFY0g.ltrans0.ltrans.o
 .bss._out_ep_closed
                0x00000000200011a8        0x1 C:\QMK_MSYS\tmp\tinyuf2-stm32f401ce_discovery.elf.HhFY0g.ltrans0.ltrans.o
 *fill*         0x00000000200011a9        0x3 
 .bss._setup_packet
                0x00000000200011ac        0x8 C:\QMK_MSYS\tmp\tinyuf2-stm32f401ce_discovery.elf.HhFY0g.ltrans0.ltrans.o
 .bss._timer_count
                0x00000000200011b4        0x4 C:\QMK_MSYS\tmp\tinyuf2-stm32f401ce_discovery.elf.HhFY0g.ltrans0.ltrans.o
 .bss._usbd_ctrl_buf
                0x00000000200011b8       0x40 C:\QMK_MSYS\tmp\tinyuf2-stm32f401ce_discovery.elf.HhFY0g.ltrans0.ltrans.o
 .bss._usbd_dev
                0x00000000200011f8       0x2b C:\QMK_MSYS\tmp\tinyuf2-stm32f401ce_discovery.elf.HhFY0g.ltrans0.ltrans.o
 .bss._usbd_initialized
                0x0000000020001223        0x1 C:\QMK_MSYS\tmp\tinyuf2-stm32f401ce_discovery.elf.HhFY0g.ltrans0.ltrans.o
 .bss._usbd_q   0x0000000020001224        0x4 C:\QMK_MSYS\tmp\tinyuf2-stm32f401ce_discovery.elf.HhFY0g.ltrans0.ltrans.o
 .bss._usbd_qdef_buf
                0x0000000020001228       0xc0 C:\QMK_MSYS\tmp\tinyuf2-stm32f401ce_discovery.elf.HhFY0g.ltrans0.ltrans.o
 .bss._wr_state
                0x00000000200012e8      0x818 C:\QMK_MSYS\tmp\tinyuf2-stm32f401ce_discovery.elf.HhFY0g.ltrans0.ltrans.o
 .bss.desc_str_serial
                0x0000000020001b00       0x11 C:\QMK_MSYS\tmp\tinyuf2-stm32f401ce_discovery.elf.HhFY0g.ltrans0.ltrans.o
 *fill*         0x0000000020001b11        0x1 
 .bss.ep0_pending
                0x0000000020001b12        0x4 C:\QMK_MSYS\tmp\tinyuf2-stm32f401ce_discovery.elf.HhFY0g.ltrans0.ltrans.o
 .bss.erased_sectors
                0x0000000020001b16       0x18 C:\QMK_MSYS\tmp\tinyuf2-stm32f401ce_discovery.elf.HhFY0g.ltrans0.ltrans.o
 *fill*         0x0000000020001b2e        0x2 
 .bss.pFlash    0x0000000020001b30       0x20 C:\QMK_MSYS\tmp\tinyuf2-stm32f401ce_discovery.elf.HhFY0g.ltrans0.ltrans.o
 .bss.uwTick    0x0000000020001b50        0x4 C:\QMK_MSYS\tmp\tinyuf2-stm32f401ce_discovery.elf.HhFY0g.ltrans0.ltrans.o
 .bss.xfer_status
                0x0000000020001b54       0x80 C:\QMK_MSYS\tmp\tinyuf2-stm32f401ce_discovery.elf.HhFY0g.ltrans0.ltrans.o
 *(COMMON)
                0x0000000020001bd4                . = ALIGN (0x4)
                0x0000000020001bd4                _ebss = .
                0x0000000020001bd4                __bss_end__ = _ebss

._user_heap_stack
                0x0000000020001bd4      0x604 load address 0x0000000008003d74
                0x0000000020001bd8                . = ALIGN (0x8)
 *fill*         0x0000000020001bd4        0x4 
                [!provide]                        PROVIDE (end = .)
                [!provide]                        PROVIDE (_end = .)
                0x0000000020001dd8                . = (. + _Min_Heap_Size)
 *fill*         0x0000000020001bd8      0x200 
                0x00000000200021d8                . = (. + _Min_Stack_Size)
 *fill*         0x0000000020001dd8      0x400 
                0x00000000200021d8                . = ALIGN (0x8)

/DISCARD/
 libc.a(*)
 libm.a(*)
 libgcc.a(*)

.ARM.attributes
                0x0000000000000000       0x35
 *(.ARM.attributes)
 .ARM.attributes
                0x0000000000000000       0x21 _build/stm32f401ce_discovery/obj/lib/st/cmsis_device_f4/Source/Templates/gcc/startup_stm32f401xc.o
 .ARM.attributes
                0x0000000000000021       0x32 C:\QMK_MSYS\tmp\tinyuf2-stm32f401ce_discovery.elf.HhFY0g.ltrans0.ltrans.o
 .ARM.attributes
                0x0000000000000053       0x34 c:/qmk_msys/mingw64/bin/../lib/gcc/arm-none-eabi/10.1.0/../../../../arm-none-eabi/lib/thumb/v7e-m+fp/hard\libc_nano.a(lib_a-init.o)
 .ARM.attributes
                0x0000000000000087       0x1c c:/qmk_msys/mingw64/bin/../lib/gcc/arm-none-eabi/10.1.0/../../../../arm-none-eabi/lib/thumb/v7e-m+fp/hard\libc_nano.a(lib_a-memcpy.o)
 .ARM.attributes
                0x00000000000000a3       0x34 c:/qmk_msys/mingw64/bin/../lib/gcc/arm-none-eabi/10.1.0/../../../../arm-none-eabi/lib/thumb/v7e-m+fp/hard\libc_nano.a(lib_a-memset.o)
 .ARM.attributes
                0x00000000000000d7       0x1c c:/qmk_msys/mingw64/bin/../lib/gcc/arm-none-eabi/10.1.0/../../../../arm-none-eabi/lib/thumb/v7e-m+fp/hard\libc_nano.a(lib_a-strlen.o)
 .ARM.attributes
                0x00000000000000f3       0x1e c:/qmk_msys/mingw64/bin/../lib/gcc/arm-none-eabi/10.1.0/thumb/v7e-m+fp/hard\libgcc.a(_aeabi_uldivmod.o)
 .ARM.attributes
                0x0000000000000111       0x34 c:/qmk_msys/mingw64/bin/../lib/gcc/arm-none-eabi/10.1.0/thumb/v7e-m+fp/hard\libgcc.a(_udivmoddi4.o)
 .ARM.attributes
                0x0000000000000145       0x1e c:/qmk_msys/mingw64/bin/../lib/gcc/arm-none-eabi/10.1.0/thumb/v7e-m+fp/hard\libgcc.a(_dvmd_tls.o)
LOAD _build/stm32f401ce_discovery/obj/lib/st/cmsis_device_f4/Source/Templates/gcc/startup_stm32f401xc.o
LOAD _build/stm32f401ce_discovery/obj/src/ghostfat.o
LOAD C:\QMK_MSYS\tmp\tinyuf2-stm32f401ce_discovery.elf.HhFY0g.ltrans0.ltrans.o
LOAD C:\QMK_MSYS\tmp\ccJNC1E0.debug.temp.o
LOAD C:\QMK_MSYS\tmp\ccInTawD.debug.temp.o
LOAD C:\QMK_MSYS\tmp\cc3I2Oxg.debug.temp.o
LOAD C:\QMK_MSYS\tmp\cc0D8MAT.debug.temp.o
LOAD C:\QMK_MSYS\tmp\ccTCrENw.debug.temp.o
LOAD C:\QMK_MSYS\tmp\ccMn3a58.debug.temp.o
LOAD C:\QMK_MSYS\tmp\ccpuQfxL.debug.temp.o
LOAD C:\QMK_MSYS\tmp\ccaRlq8n.debug.temp.o
LOAD C:\QMK_MSYS\tmp\ccpjouGZ.debug.temp.o
LOAD C:\QMK_MSYS\tmp\ccghNQnB.debug.temp.o
LOAD C:\QMK_MSYS\tmp\cclyAudd.debug.temp.o
LOAD C:\QMK_MSYS\tmp\ccQstIbP.debug.temp.o
LOAD C:\QMK_MSYS\tmp\cczEnQVu.debug.temp.o
LOAD C:\QMK_MSYS\tmp\ccIf2CMa.debug.temp.o
LOAD C:\QMK_MSYS\tmp\ccTHHOSQ.debug.temp.o
LOAD C:\QMK_MSYS\tmp\ccm5rYWv.debug.temp.o
LOAD C:\QMK_MSYS\tmp\cclRMGab.debug.temp.o
LOAD C:\QMK_MSYS\tmp\ccgZvvwQ.debug.temp.o
LOAD C:\QMK_MSYS\tmp\ccDxRi5u.debug.temp.o
LOAD C:\QMK_MSYS\tmp\ccKRhuW9.debug.temp.o
LOAD C:\QMK_MSYS\tmp\ccvWnmUO.debug.temp.o
LOAD C:\QMK_MSYS\tmp\cceaBVDJ.debug.temp.o
LOAD C:\QMK_MSYS\tmp\cc1bnIbI.debug.temp.o
LOAD C:\QMK_MSYS\tmp\ccetU2SG.debug.temp.o
LOAD C:\QMK_MSYS\tmp\ccnAjlIF.debug.temp.o
LOAD C:\QMK_MSYS\tmp\ccSA9vuD.debug.temp.o
LOAD _build/stm32f401ce_discovery/obj/src/images.o
LOAD _build/stm32f401ce_discovery/obj/src/main.o
LOAD _build/stm32f401ce_discovery/obj/src/msc.o
LOAD _build/stm32f401ce_discovery/obj/src/screen.o
LOAD _build/stm32f401ce_discovery/obj/src/usb_descriptors.o
LOAD _build/stm32f401ce_discovery/obj/lib/tinyusb/src/tusb.o
LOAD _build/stm32f401ce_discovery/obj/lib/tinyusb/src/common/tusb_fifo.o
LOAD _build/stm32f401ce_discovery/obj/lib/tinyusb/src/device/usbd.o
LOAD _build/stm32f401ce_discovery/obj/lib/tinyusb/src/device/usbd_control.o
LOAD _build/stm32f401ce_discovery/obj/lib/tinyusb/src/class/cdc/cdc_device.o
LOAD _build/stm32f401ce_discovery/obj/lib/tinyusb/src/class/dfu/dfu_rt_device.o
LOAD _build/stm32f401ce_discovery/obj/lib/tinyusb/src/class/hid/hid_device.o
LOAD _build/stm32f401ce_discovery/obj/lib/tinyusb/src/class/msc/msc_device.o
LOAD _build/stm32f401ce_discovery/obj/lib/tinyusb/src/class/vendor/vendor_device.o
LOAD _build/stm32f401ce_discovery/obj/ports/stm32f4/boards.o
LOAD _build/stm32f401ce_discovery/obj/ports/stm32f4/board_flash.o
LOAD _build/stm32f401ce_discovery/obj/lib/st/cmsis_device_f4/Source/Templates/system_stm32f4xx.o
LOAD _build/stm32f401ce_discovery/obj/lib/st/stm32f4xx_hal_driver/Src/stm32f4xx_hal.o
LOAD _build/stm32f401ce_discovery/obj/lib/st/stm32f4xx_hal_driver/Src/stm32f4xx_hal_cortex.o
LOAD _build/stm32f401ce_discovery/obj/lib/st/stm32f4xx_hal_driver/Src/stm32f4xx_hal_rcc.o
LOAD _build/stm32f401ce_discovery/obj/lib/st/stm32f4xx_hal_driver/Src/stm32f4xx_hal_gpio.o
LOAD _build/stm32f401ce_discovery/obj/lib/st/stm32f4xx_hal_driver/Src/stm32f4xx_hal_flash.o
LOAD _build/stm32f401ce_discovery/obj/lib/st/stm32f4xx_hal_driver/Src/stm32f4xx_hal_flash_ex.o
LOAD _build/stm32f401ce_discovery/obj/lib/st/stm32f4xx_hal_driver/Src/stm32f4xx_hal_uart.o
LOAD _build/stm32f401ce_discovery/obj/lib/tinyusb/src/portable/synopsys/dwc2/dcd_dwc2.o
START GROUP
LOAD c:/qmk_msys/mingw64/bin/../lib/gcc/arm-none-eabi/10.1.0/thumb/v7e-m+fp/hard\libgcc.a
LOAD c:/qmk_msys/mingw64/bin/../lib/gcc/arm-none-eabi/10.1.0/../../../../arm-none-eabi/lib/thumb/v7e-m+fp/hard\libm.a
LOAD c:/qmk_msys/mingw64/bin/../lib/gcc/arm-none-eabi/10.1.0/../../../../arm-none-eabi/lib/thumb/v7e-m+fp/hard\libc_nano.a
LOAD c:/qmk_msys/mingw64/bin/../lib/gcc/arm-none-eabi/10.1.0/../../../../arm-none-eabi/lib/thumb/v7e-m+fp/hard\libnosys.a
END GROUP
OUTPUT(_build/stm32f401ce_discovery/tinyuf2-stm32f401ce_discovery.elf elf32-littlearm)
LOAD linker stubs
LOAD c:/qmk_msys/mingw64/bin/../lib/gcc/arm-none-eabi/10.1.0/../../../../arm-none-eabi/lib/thumb/v7e-m+fp/hard\libc.a
LOAD c:/qmk_msys/mingw64/bin/../lib/gcc/arm-none-eabi/10.1.0/../../../../arm-none-eabi/lib/thumb/v7e-m+fp/hard\libm.a
LOAD c:/qmk_msys/mingw64/bin/../lib/gcc/arm-none-eabi/10.1.0/thumb/v7e-m+fp/hard\libgcc.a

.debug_line     0x0000000000000000     0x6131
 .debug_line    0x0000000000000000       0xb1 _build/stm32f401ce_discovery/obj/lib/st/cmsis_device_f4/Source/Templates/gcc/startup_stm32f401xc.o
 .debug_line    0x00000000000000b1     0x42e1 C:\QMK_MSYS\tmp\tinyuf2-stm32f401ce_discovery.elf.HhFY0g.ltrans0.ltrans.o
 .debug_line    0x0000000000004392      0x10e C:\QMK_MSYS\tmp\ccJNC1E0.debug.temp.o
 .debug_line    0x00000000000044a0       0xfd C:\QMK_MSYS\tmp\cc3I2Oxg.debug.temp.o
 .debug_line    0x000000000000459d      0x105 C:\QMK_MSYS\tmp\cc0D8MAT.debug.temp.o
 .debug_line    0x00000000000046a2      0x161 C:\QMK_MSYS\tmp\ccMn3a58.debug.temp.o
 .debug_line    0x0000000000004803       0xfe C:\QMK_MSYS\tmp\ccpuQfxL.debug.temp.o
 .debug_line    0x0000000000004901       0xf4 C:\QMK_MSYS\tmp\ccaRlq8n.debug.temp.o
 .debug_line    0x00000000000049f5      0x179 C:\QMK_MSYS\tmp\ccpjouGZ.debug.temp.o
 .debug_line    0x0000000000004b6e      0x12c C:\QMK_MSYS\tmp\ccghNQnB.debug.temp.o
 .debug_line    0x0000000000004c9a      0x158 C:\QMK_MSYS\tmp\cczEnQVu.debug.temp.o
 .debug_line    0x0000000000004df2      0x15c C:\QMK_MSYS\tmp\ccIf2CMa.debug.temp.o
 .debug_line    0x0000000000004f4e      0x26b C:\QMK_MSYS\tmp\ccm5rYWv.debug.temp.o
 .debug_line    0x00000000000051b9      0x12f C:\QMK_MSYS\tmp\cclRMGab.debug.temp.o
 .debug_line    0x00000000000052e8      0x17d C:\QMK_MSYS\tmp\ccgZvvwQ.debug.temp.o
 .debug_line    0x0000000000005465      0x1da C:\QMK_MSYS\tmp\ccDxRi5u.debug.temp.o
 .debug_line    0x000000000000563f      0x1ca C:\QMK_MSYS\tmp\ccKRhuW9.debug.temp.o
 .debug_line    0x0000000000005809      0x1eb C:\QMK_MSYS\tmp\ccvWnmUO.debug.temp.o
 .debug_line    0x00000000000059f4      0x192 C:\QMK_MSYS\tmp\cceaBVDJ.debug.temp.o
 .debug_line    0x0000000000005b86      0x1d1 C:\QMK_MSYS\tmp\cc1bnIbI.debug.temp.o
 .debug_line    0x0000000000005d57      0x1b3 C:\QMK_MSYS\tmp\ccetU2SG.debug.temp.o
 .debug_line    0x0000000000005f0a      0x227 C:\QMK_MSYS\tmp\ccSA9vuD.debug.temp.o

.debug_info     0x0000000000000000    0x133b8
 .debug_info    0x0000000000000000       0x22 _build/stm32f401ce_discovery/obj/lib/st/cmsis_device_f4/Source/Templates/gcc/startup_stm32f401xc.o
 .debug_info    0x0000000000000022     0x66f8 C:\QMK_MSYS\tmp\tinyuf2-stm32f401ce_discovery.elf.HhFY0g.ltrans0.ltrans.o
 .debug_info    0x000000000000671a      0x7fd C:\QMK_MSYS\tmp\ccJNC1E0.debug.temp.o
                0x000000000000671a                ghostfat.c.b2655786
 .debug_info    0x0000000000006f17      0x2e5 C:\QMK_MSYS\tmp\cc3I2Oxg.debug.temp.o
                0x0000000000006f17                main.c.65c3ed07
 .debug_info    0x00000000000071fc      0x4cb C:\QMK_MSYS\tmp\cc0D8MAT.debug.temp.o
                0x00000000000071fc                msc.c.4e144e7f
 .debug_info    0x00000000000076c7      0x79a C:\QMK_MSYS\tmp\ccMn3a58.debug.temp.o
                0x00000000000076c7                usb_descriptors.c.102f79f5
 .debug_info    0x0000000000007e61      0x5c2 C:\QMK_MSYS\tmp\ccpuQfxL.debug.temp.o
                0x0000000000007e61                tusb.c.1217e6a4
 .debug_info    0x0000000000008423      0xc77 C:\QMK_MSYS\tmp\ccaRlq8n.debug.temp.o
                0x0000000000008423                tusb_fifo.c.1e0e5dcc
 .debug_info    0x000000000000909a     0x18a1 C:\QMK_MSYS\tmp\ccpjouGZ.debug.temp.o
                0x000000000000909a                usbd.c.68c25ce3
 .debug_info    0x000000000000a93b      0x4e4 C:\QMK_MSYS\tmp\ccghNQnB.debug.temp.o
                0x000000000000a93b                usbd_control.c.343d5172
 .debug_info    0x000000000000ae1f      0xced C:\QMK_MSYS\tmp\cczEnQVu.debug.temp.o
                0x000000000000ae1f                hid_device.c.1877b05c
 .debug_info    0x000000000000bb0c     0x131d C:\QMK_MSYS\tmp\ccIf2CMa.debug.temp.o
                0x000000000000bb0c                msc_device.c.818af61d
 .debug_info    0x000000000000ce29     0x12e4 C:\QMK_MSYS\tmp\ccm5rYWv.debug.temp.o
                0x000000000000ce29                boards.c.6ab3f7e9
 .debug_info    0x000000000000e10d      0x373 C:\QMK_MSYS\tmp\cclRMGab.debug.temp.o
                0x000000000000e10d                board_flash.c.b48dfccb
 .debug_info    0x000000000000e480      0x507 C:\QMK_MSYS\tmp\ccgZvvwQ.debug.temp.o
                0x000000000000e480                system_stm32f4xx.c.66b0e1a1
 .debug_info    0x000000000000e987      0x772 C:\QMK_MSYS\tmp\ccDxRi5u.debug.temp.o
                0x000000000000e987                stm32f4xx_hal.c.4c850eff
 .debug_info    0x000000000000f0f9      0xb2e C:\QMK_MSYS\tmp\ccKRhuW9.debug.temp.o
                0x000000000000f0f9                stm32f4xx_hal_cortex.c.da63442b
 .debug_info    0x000000000000fc27      0x850 C:\QMK_MSYS\tmp\ccvWnmUO.debug.temp.o
                0x000000000000fc27                stm32f4xx_hal_rcc.c.0cdd18f6
 .debug_info    0x0000000000010477      0x6d9 C:\QMK_MSYS\tmp\cceaBVDJ.debug.temp.o
                0x0000000000010477                stm32f4xx_hal_gpio.c.6ec6e979
 .debug_info    0x0000000000010b50      0x48f C:\QMK_MSYS\tmp\cc1bnIbI.debug.temp.o
                0x0000000000010b50                stm32f4xx_hal_flash.c.d0503524
 .debug_info    0x0000000000010fdf      0x6cd C:\QMK_MSYS\tmp\ccetU2SG.debug.temp.o
                0x0000000000010fdf                stm32f4xx_hal_flash_ex.c.0ff10dae
 .debug_info    0x00000000000116ac     0x1d0c C:\QMK_MSYS\tmp\ccSA9vuD.debug.temp.o
                0x00000000000116ac                dcd_dwc2.c.cac1b216

.debug_abbrev   0x0000000000000000     0x285a
 .debug_abbrev  0x0000000000000000       0x12 _build/stm32f401ce_discovery/obj/lib/st/cmsis_device_f4/Source/Templates/gcc/startup_stm32f401xc.o
 .debug_abbrev  0x0000000000000012      0x368 C:\QMK_MSYS\tmp\tinyuf2-stm32f401ce_discovery.elf.HhFY0g.ltrans0.ltrans.o
 .debug_abbrev  0x000000000000037a      0x1d9 C:\QMK_MSYS\tmp\ccJNC1E0.debug.temp.o
 .debug_abbrev  0x0000000000000553      0x148 C:\QMK_MSYS\tmp\cc3I2Oxg.debug.temp.o
 .debug_abbrev  0x000000000000069b      0x118 C:\QMK_MSYS\tmp\cc0D8MAT.debug.temp.o
 .debug_abbrev  0x00000000000007b3      0x151 C:\QMK_MSYS\tmp\ccMn3a58.debug.temp.o
 .debug_abbrev  0x0000000000000904      0x168 C:\QMK_MSYS\tmp\ccpuQfxL.debug.temp.o
 .debug_abbrev  0x0000000000000a6c      0x1a7 C:\QMK_MSYS\tmp\ccaRlq8n.debug.temp.o
 .debug_abbrev  0x0000000000000c13      0x2cc C:\QMK_MSYS\tmp\ccpjouGZ.debug.temp.o
 .debug_abbrev  0x0000000000000edf      0x1ea C:\QMK_MSYS\tmp\ccghNQnB.debug.temp.o
 .debug_abbrev  0x00000000000010c9      0x281 C:\QMK_MSYS\tmp\cczEnQVu.debug.temp.o
 .debug_abbrev  0x000000000000134a      0x2e5 C:\QMK_MSYS\tmp\ccIf2CMa.debug.temp.o
 .debug_abbrev  0x000000000000162f      0x2cb C:\QMK_MSYS\tmp\ccm5rYWv.debug.temp.o
 .debug_abbrev  0x00000000000018fa      0x161 C:\QMK_MSYS\tmp\cclRMGab.debug.temp.o
 .debug_abbrev  0x0000000000001a5b       0xf7 C:\QMK_MSYS\tmp\ccgZvvwQ.debug.temp.o
 .debug_abbrev  0x0000000000001b52      0x1bd C:\QMK_MSYS\tmp\ccDxRi5u.debug.temp.o
 .debug_abbrev  0x0000000000001d0f      0x23d C:\QMK_MSYS\tmp\ccKRhuW9.debug.temp.o
 .debug_abbrev  0x0000000000001f4c      0x1c3 C:\QMK_MSYS\tmp\ccvWnmUO.debug.temp.o
 .debug_abbrev  0x000000000000210f      0x178 C:\QMK_MSYS\tmp\cceaBVDJ.debug.temp.o
 .debug_abbrev  0x0000000000002287      0x16f C:\QMK_MSYS\tmp\cc1bnIbI.debug.temp.o
 .debug_abbrev  0x00000000000023f6      0x18d C:\QMK_MSYS\tmp\ccetU2SG.debug.temp.o
 .debug_abbrev  0x0000000000002583      0x2d7 C:\QMK_MSYS\tmp\ccSA9vuD.debug.temp.o

.debug_aranges  0x0000000000000000      0x198
 .debug_aranges
                0x0000000000000000       0x28 _build/stm32f401ce_discovery/obj/lib/st/cmsis_device_f4/Source/Templates/gcc/startup_stm32f401xc.o
 .debug_aranges
                0x0000000000000028      0x170 C:\QMK_MSYS\tmp\tinyuf2-stm32f401ce_discovery.elf.HhFY0g.ltrans0.ltrans.o

.debug_str      0x0000000000000000     0x627b
 .debug_str     0x0000000000000000       0x7a _build/stm32f401ce_discovery/obj/lib/st/cmsis_device_f4/Source/Templates/gcc/startup_stm32f401xc.o
 .debug_str     0x000000000000007a      0x30e C:\QMK_MSYS\tmp\tinyuf2-stm32f401ce_discovery.elf.HhFY0g.ltrans0.ltrans.o
                                        0x346 (size before relaxing)
 .debug_str     0x0000000000000388      0x565 C:\QMK_MSYS\tmp\ccJNC1E0.debug.temp.o
                                        0x62a (size before relaxing)
 .debug_str     0x00000000000008ed      0x233 C:\QMK_MSYS\tmp\cc3I2Oxg.debug.temp.o
                                        0x400 (size before relaxing)
 .debug_str     0x0000000000000b20      0x3a9 C:\QMK_MSYS\tmp\cc0D8MAT.debug.temp.o
                                        0x62c (size before relaxing)
 .debug_str     0x0000000000000ec9      0xd60 C:\QMK_MSYS\tmp\ccMn3a58.debug.temp.o
                                        0xf12 (size before relaxing)
 .debug_str     0x0000000000001c29      0x2c2 C:\QMK_MSYS\tmp\ccpuQfxL.debug.temp.o
                                        0x708 (size before relaxing)
 .debug_str     0x0000000000001eeb      0x40b C:\QMK_MSYS\tmp\ccaRlq8n.debug.temp.o
                                        0x6ad (size before relaxing)
 .debug_str     0x00000000000022f6      0xa68 C:\QMK_MSYS\tmp\ccpjouGZ.debug.temp.o
                                       0x11d2 (size before relaxing)
 .debug_str     0x0000000000002d5e      0x167 C:\QMK_MSYS\tmp\ccghNQnB.debug.temp.o
                                        0x4b3 (size before relaxing)
 .debug_str     0x0000000000002ec5      0x39e C:\QMK_MSYS\tmp\cczEnQVu.debug.temp.o
                                        0xcec (size before relaxing)
 .debug_str     0x0000000000003263      0x658 C:\QMK_MSYS\tmp\ccIf2CMa.debug.temp.o
                                       0x1290 (size before relaxing)
 .debug_str     0x00000000000038bb      0xd06 C:\QMK_MSYS\tmp\ccm5rYWv.debug.temp.o
                                        0xf65 (size before relaxing)
 .debug_str     0x00000000000045c1      0x1c2 C:\QMK_MSYS\tmp\cclRMGab.debug.temp.o
                                        0x3a1 (size before relaxing)
 .debug_str     0x0000000000004783       0xa2 C:\QMK_MSYS\tmp\ccgZvvwQ.debug.temp.o
                                        0x3a9 (size before relaxing)
 .debug_str     0x0000000000004825      0x340 C:\QMK_MSYS\tmp\ccDxRi5u.debug.temp.o
                                        0x9d3 (size before relaxing)
 .debug_str     0x0000000000004b65      0x413 C:\QMK_MSYS\tmp\ccKRhuW9.debug.temp.o
                                        0xad9 (size before relaxing)
 .debug_str     0x0000000000004f78      0x1b9 C:\QMK_MSYS\tmp\ccvWnmUO.debug.temp.o
                                        0x6ee (size before relaxing)
 .debug_str     0x0000000000005131      0x176 C:\QMK_MSYS\tmp\cceaBVDJ.debug.temp.o
                                        0x500 (size before relaxing)
 .debug_str     0x00000000000052a7      0x29b C:\QMK_MSYS\tmp\cc1bnIbI.debug.temp.o
                                        0x527 (size before relaxing)
 .debug_str     0x0000000000005542      0x2d1 C:\QMK_MSYS\tmp\ccetU2SG.debug.temp.o
                                        0x660 (size before relaxing)
 .debug_str     0x0000000000005813      0xa68 C:\QMK_MSYS\tmp\ccSA9vuD.debug.temp.o
                                       0x1467 (size before relaxing)

.debug_ranges   0x0000000000000000     0x1ac8
 .debug_ranges  0x0000000000000000       0x20 _build/stm32f401ce_discovery/obj/lib/st/cmsis_device_f4/Source/Templates/gcc/startup_stm32f401xc.o
 .debug_ranges  0x0000000000000020     0x1aa8 C:\QMK_MSYS\tmp\tinyuf2-stm32f401ce_discovery.elf.HhFY0g.ltrans0.ltrans.o

.debug_loc      0x0000000000000000     0x7e87
 .debug_loc     0x0000000000000000     0x7e87 C:\QMK_MSYS\tmp\tinyuf2-stm32f401ce_discovery.elf.HhFY0g.ltrans0.ltrans.o

.comment        0x0000000000000000       0x12
 .comment       0x0000000000000000       0x12 C:\QMK_MSYS\tmp\tinyuf2-stm32f401ce_discovery.elf.HhFY0g.ltrans0.ltrans.o
                                         0x13 (size before relaxing)

.debug_frame    0x0000000000000000      0x59c
 .debug_frame   0x0000000000000000      0x4d4 C:\QMK_MSYS\tmp\tinyuf2-stm32f401ce_discovery.elf.HhFY0g.ltrans0.ltrans.o
 .debug_frame   0x00000000000004d4       0x2c c:/qmk_msys/mingw64/bin/../lib/gcc/arm-none-eabi/10.1.0/../../../../arm-none-eabi/lib/thumb/v7e-m+fp/hard\libc_nano.a(lib_a-init.o)
 .debug_frame   0x0000000000000500       0x38 c:/qmk_msys/mingw64/bin/../lib/gcc/arm-none-eabi/10.1.0/../../../../arm-none-eabi/lib/thumb/v7e-m+fp/hard\libc_nano.a(lib_a-memset.o)
 .debug_frame   0x0000000000000538       0x2c c:/qmk_msys/mingw64/bin/../lib/gcc/arm-none-eabi/10.1.0/thumb/v7e-m+fp/hard\libgcc.a(_aeabi_uldivmod.o)
 .debug_frame   0x0000000000000564       0x38 c:/qmk_msys/mingw64/bin/../lib/gcc/arm-none-eabi/10.1.0/thumb/v7e-m+fp/hard\libgcc.a(_udivmoddi4.o)

Cross Reference Table

Symbol                                            File
ADC_IRQHandler                                    _build/stm32f401ce_discovery/obj/lib/st/cmsis_device_f4/Source/Templates/gcc/startup_stm32f401xc.o
AHBPrescTable                                     _build/stm32f401ce_discovery/obj/lib/st/cmsis_device_f4/Source/Templates/system_stm32f4xx.o (symbol from plugin)
                                                  _build/stm32f401ce_discovery/obj/lib/st/stm32f4xx_hal_driver/Src/stm32f4xx_hal_rcc.o (symbol from plugin)
APBPrescTable                                     _build/stm32f401ce_discovery/obj/lib/st/cmsis_device_f4/Source/Templates/system_stm32f4xx.o (symbol from plugin)
                                                  _build/stm32f401ce_discovery/obj/lib/st/stm32f4xx_hal_driver/Src/stm32f4xx_hal_rcc.o (symbol from plugin)
BusFault_Handler                                  _build/stm32f401ce_discovery/obj/lib/st/cmsis_device_f4/Source/Templates/gcc/startup_stm32f401xc.o
DMA1_Stream0_IRQHandler                           _build/stm32f401ce_discovery/obj/lib/st/cmsis_device_f4/Source/Templates/gcc/startup_stm32f401xc.o
DMA1_Stream1_IRQHandler                           _build/stm32f401ce_discovery/obj/lib/st/cmsis_device_f4/Source/Templates/gcc/startup_stm32f401xc.o
DMA1_Stream2_IRQHandler                           _build/stm32f401ce_discovery/obj/lib/st/cmsis_device_f4/Source/Templates/gcc/startup_stm32f401xc.o
DMA1_Stream3_IRQHandler                           _build/stm32f401ce_discovery/obj/lib/st/cmsis_device_f4/Source/Templates/gcc/startup_stm32f401xc.o
DMA1_Stream4_IRQHandler                           _build/stm32f401ce_discovery/obj/lib/st/cmsis_device_f4/Source/Templates/gcc/startup_stm32f401xc.o
DMA1_Stream5_IRQHandler                           _build/stm32f401ce_discovery/obj/lib/st/cmsis_device_f4/Source/Templates/gcc/startup_stm32f401xc.o
DMA1_Stream6_IRQHandler                           _build/stm32f401ce_discovery/obj/lib/st/cmsis_device_f4/Source/Templates/gcc/startup_stm32f401xc.o
DMA1_Stream7_IRQHandler                           _build/stm32f401ce_discovery/obj/lib/st/cmsis_device_f4/Source/Templates/gcc/startup_stm32f401xc.o
DMA2_Stream0_IRQHandler                           _build/stm32f401ce_discovery/obj/lib/st/cmsis_device_f4/Source/Templates/gcc/startup_stm32f401xc.o
DMA2_Stream1_IRQHandler                           _build/stm32f401ce_discovery/obj/lib/st/cmsis_device_f4/Source/Templates/gcc/startup_stm32f401xc.o
DMA2_Stream2_IRQHandler                           _build/stm32f401ce_discovery/obj/lib/st/cmsis_device_f4/Source/Templates/gcc/startup_stm32f401xc.o
DMA2_Stream3_IRQHandler                           _build/stm32f401ce_discovery/obj/lib/st/cmsis_device_f4/Source/Templates/gcc/startup_stm32f401xc.o
DMA2_Stream4_IRQHandler                           _build/stm32f401ce_discovery/obj/lib/st/cmsis_device_f4/Source/Templates/gcc/startup_stm32f401xc.o
DMA2_Stream5_IRQHandler                           _build/stm32f401ce_discovery/obj/lib/st/cmsis_device_f4/Source/Templates/gcc/startup_stm32f401xc.o
DMA2_Stream6_IRQHandler                           _build/stm32f401ce_discovery/obj/lib/st/cmsis_device_f4/Source/Templates/gcc/startup_stm32f401xc.o
DMA2_Stream7_IRQHandler                           _build/stm32f401ce_discovery/obj/lib/st/cmsis_device_f4/Source/Templates/gcc/startup_stm32f401xc.o
DebugMon_Handler                                  _build/stm32f401ce_discovery/obj/lib/st/cmsis_device_f4/Source/Templates/gcc/startup_stm32f401xc.o
Default_Handler                                   _build/stm32f401ce_discovery/obj/lib/st/cmsis_device_f4/Source/Templates/gcc/startup_stm32f401xc.o
EXTI0_IRQHandler                                  _build/stm32f401ce_discovery/obj/lib/st/cmsis_device_f4/Source/Templates/gcc/startup_stm32f401xc.o
EXTI15_10_IRQHandler                              _build/stm32f401ce_discovery/obj/lib/st/cmsis_device_f4/Source/Templates/gcc/startup_stm32f401xc.o
EXTI1_IRQHandler                                  _build/stm32f401ce_discovery/obj/lib/st/cmsis_device_f4/Source/Templates/gcc/startup_stm32f401xc.o
EXTI2_IRQHandler                                  _build/stm32f401ce_discovery/obj/lib/st/cmsis_device_f4/Source/Templates/gcc/startup_stm32f401xc.o
EXTI3_IRQHandler                                  _build/stm32f401ce_discovery/obj/lib/st/cmsis_device_f4/Source/Templates/gcc/startup_stm32f401xc.o
EXTI4_IRQHandler                                  _build/stm32f401ce_discovery/obj/lib/st/cmsis_device_f4/Source/Templates/gcc/startup_stm32f401xc.o
EXTI9_5_IRQHandler                                _build/stm32f401ce_discovery/obj/lib/st/cmsis_device_f4/Source/Templates/gcc/startup_stm32f401xc.o
FLASH_Erase_Sector                                _build/stm32f401ce_discovery/obj/lib/st/stm32f4xx_hal_driver/Src/stm32f4xx_hal_flash_ex.o (symbol from plugin)
                                                  _build/stm32f401ce_discovery/obj/lib/st/stm32f4xx_hal_driver/Src/stm32f4xx_hal_flash.o (symbol from plugin)
                                                  _build/stm32f401ce_discovery/obj/ports/stm32f4/board_flash.o (symbol from plugin)
FLASH_FlushCaches                                 _build/stm32f401ce_discovery/obj/lib/st/stm32f4xx_hal_driver/Src/stm32f4xx_hal_flash_ex.o (symbol from plugin)
                                                  _build/stm32f401ce_discovery/obj/lib/st/stm32f4xx_hal_driver/Src/stm32f4xx_hal_flash.o (symbol from plugin)
FLASH_IRQHandler                                  _build/stm32f401ce_discovery/obj/lib/st/cmsis_device_f4/Source/Templates/gcc/startup_stm32f401xc.o
FLASH_WaitForLastOperation                        _build/stm32f401ce_discovery/obj/lib/st/stm32f4xx_hal_driver/Src/stm32f4xx_hal_flash.o (symbol from plugin)
                                                  _build/stm32f401ce_discovery/obj/lib/st/stm32f4xx_hal_driver/Src/stm32f4xx_hal_flash_ex.o (symbol from plugin)
                                                  _build/stm32f401ce_discovery/obj/ports/stm32f4/board_flash.o (symbol from plugin)
FPU_IRQHandler                                    _build/stm32f401ce_discovery/obj/lib/st/cmsis_device_f4/Source/Templates/gcc/startup_stm32f401xc.o
HAL_DBGMCU_DisableDBGSleepMode                    _build/stm32f401ce_discovery/obj/lib/st/stm32f4xx_hal_driver/Src/stm32f4xx_hal.o (symbol from plugin)
HAL_DBGMCU_DisableDBGStandbyMode                  _build/stm32f401ce_discovery/obj/lib/st/stm32f4xx_hal_driver/Src/stm32f4xx_hal.o (symbol from plugin)
HAL_DBGMCU_DisableDBGStopMode                     _build/stm32f401ce_discovery/obj/lib/st/stm32f4xx_hal_driver/Src/stm32f4xx_hal.o (symbol from plugin)
HAL_DBGMCU_EnableDBGSleepMode                     _build/stm32f401ce_discovery/obj/lib/st/stm32f4xx_hal_driver/Src/stm32f4xx_hal.o (symbol from plugin)
HAL_DBGMCU_EnableDBGStandbyMode                   _build/stm32f401ce_discovery/obj/lib/st/stm32f4xx_hal_driver/Src/stm32f4xx_hal.o (symbol from plugin)
HAL_DBGMCU_EnableDBGStopMode                      _build/stm32f401ce_discovery/obj/lib/st/stm32f4xx_hal_driver/Src/stm32f4xx_hal.o (symbol from plugin)
HAL_DMA_Abort                                     _build/stm32f401ce_discovery/obj/lib/st/stm32f4xx_hal_driver/Src/stm32f4xx_hal_uart.o (symbol from plugin)
HAL_DMA_Abort_IT                                  _build/stm32f401ce_discovery/obj/lib/st/stm32f4xx_hal_driver/Src/stm32f4xx_hal_uart.o (symbol from plugin)
HAL_DMA_GetError                                  _build/stm32f401ce_discovery/obj/lib/st/stm32f4xx_hal_driver/Src/stm32f4xx_hal_uart.o (symbol from plugin)
HAL_DMA_Start_IT                                  _build/stm32f401ce_discovery/obj/lib/st/stm32f4xx_hal_driver/Src/stm32f4xx_hal_uart.o (symbol from plugin)
HAL_DeInit                                        _build/stm32f401ce_discovery/obj/lib/st/stm32f4xx_hal_driver/Src/stm32f4xx_hal.o (symbol from plugin)
HAL_Delay                                         _build/stm32f401ce_discovery/obj/lib/st/stm32f4xx_hal_driver/Src/stm32f4xx_hal.o (symbol from plugin)
HAL_DisableCompensationCell                       _build/stm32f401ce_discovery/obj/lib/st/stm32f4xx_hal_driver/Src/stm32f4xx_hal.o (symbol from plugin)
HAL_EnableCompensationCell                        _build/stm32f401ce_discovery/obj/lib/st/stm32f4xx_hal_driver/Src/stm32f4xx_hal.o (symbol from plugin)
HAL_FLASHEx_AdvOBGetConfig                        _build/stm32f401ce_discovery/obj/lib/st/stm32f4xx_hal_driver/Src/stm32f4xx_hal_flash_ex.o (symbol from plugin)
HAL_FLASHEx_AdvOBProgram                          _build/stm32f401ce_discovery/obj/lib/st/stm32f4xx_hal_driver/Src/stm32f4xx_hal_flash_ex.o (symbol from plugin)
HAL_FLASHEx_Erase                                 _build/stm32f401ce_discovery/obj/lib/st/stm32f4xx_hal_driver/Src/stm32f4xx_hal_flash_ex.o (symbol from plugin)
HAL_FLASHEx_Erase_IT                              _build/stm32f401ce_discovery/obj/lib/st/stm32f4xx_hal_driver/Src/stm32f4xx_hal_flash_ex.o (symbol from plugin)
HAL_FLASHEx_OBGetConfig                           _build/stm32f401ce_discovery/obj/lib/st/stm32f4xx_hal_driver/Src/stm32f4xx_hal_flash_ex.o (symbol from plugin)
                                                  _build/stm32f401ce_discovery/obj/ports/stm32f4/board_flash.o (symbol from plugin)
HAL_FLASHEx_OBProgram                             _build/stm32f401ce_discovery/obj/lib/st/stm32f4xx_hal_driver/Src/stm32f4xx_hal_flash_ex.o (symbol from plugin)
                                                  _build/stm32f401ce_discovery/obj/ports/stm32f4/board_flash.o (symbol from plugin)
HAL_FLASHEx_OB_DeSelectPCROP                      _build/stm32f401ce_discovery/obj/lib/st/stm32f4xx_hal_driver/Src/stm32f4xx_hal_flash_ex.o (symbol from plugin)
HAL_FLASHEx_OB_SelectPCROP                        _build/stm32f401ce_discovery/obj/lib/st/stm32f4xx_hal_driver/Src/stm32f4xx_hal_flash_ex.o (symbol from plugin)
HAL_FLASH_EndOfOperationCallback                  _build/stm32f401ce_discovery/obj/lib/st/stm32f4xx_hal_driver/Src/stm32f4xx_hal_flash.o (symbol from plugin)
HAL_FLASH_GetError                                _build/stm32f401ce_discovery/obj/lib/st/stm32f4xx_hal_driver/Src/stm32f4xx_hal_flash.o (symbol from plugin)
HAL_FLASH_IRQHandler                              _build/stm32f401ce_discovery/obj/lib/st/stm32f4xx_hal_driver/Src/stm32f4xx_hal_flash.o (symbol from plugin)
HAL_FLASH_Lock                                    _build/stm32f401ce_discovery/obj/lib/st/stm32f4xx_hal_driver/Src/stm32f4xx_hal_flash.o (symbol from plugin)
                                                  _build/stm32f401ce_discovery/obj/ports/stm32f4/board_flash.o (symbol from plugin)
HAL_FLASH_OB_Launch                               _build/stm32f401ce_discovery/obj/lib/st/stm32f4xx_hal_driver/Src/stm32f4xx_hal_flash.o (symbol from plugin)
                                                  _build/stm32f401ce_discovery/obj/ports/stm32f4/board_flash.o (symbol from plugin)
HAL_FLASH_OB_Lock                                 _build/stm32f401ce_discovery/obj/lib/st/stm32f4xx_hal_driver/Src/stm32f4xx_hal_flash.o (symbol from plugin)
                                                  _build/stm32f401ce_discovery/obj/ports/stm32f4/board_flash.o (symbol from plugin)
HAL_FLASH_OB_Unlock                               _build/stm32f401ce_discovery/obj/lib/st/stm32f4xx_hal_driver/Src/stm32f4xx_hal_flash.o (symbol from plugin)
                                                  _build/stm32f401ce_discovery/obj/ports/stm32f4/board_flash.o (symbol from plugin)
HAL_FLASH_OperationErrorCallback                  _build/stm32f401ce_discovery/obj/lib/st/stm32f4xx_hal_driver/Src/stm32f4xx_hal_flash.o (symbol from plugin)
HAL_FLASH_Program                                 _build/stm32f401ce_discovery/obj/lib/st/stm32f4xx_hal_driver/Src/stm32f4xx_hal_flash.o (symbol from plugin)
                                                  _build/stm32f401ce_discovery/obj/ports/stm32f4/board_flash.o (symbol from plugin)
HAL_FLASH_Program_IT                              _build/stm32f401ce_discovery/obj/lib/st/stm32f4xx_hal_driver/Src/stm32f4xx_hal_flash.o (symbol from plugin)
HAL_FLASH_Unlock                                  _build/stm32f401ce_discovery/obj/lib/st/stm32f4xx_hal_driver/Src/stm32f4xx_hal_flash.o (symbol from plugin)
                                                  _build/stm32f401ce_discovery/obj/ports/stm32f4/board_flash.o (symbol from plugin)
HAL_GPIO_DeInit                                   _build/stm32f401ce_discovery/obj/lib/st/stm32f4xx_hal_driver/Src/stm32f4xx_hal_gpio.o (symbol from plugin)
                                                  _build/stm32f401ce_discovery/obj/ports/stm32f4/boards.o (symbol from plugin)
HAL_GPIO_EXTI_Callback                            _build/stm32f401ce_discovery/obj/lib/st/stm32f4xx_hal_driver/Src/stm32f4xx_hal_gpio.o (symbol from plugin)
HAL_GPIO_EXTI_IRQHandler                          _build/stm32f401ce_discovery/obj/lib/st/stm32f4xx_hal_driver/Src/stm32f4xx_hal_gpio.o (symbol from plugin)
HAL_GPIO_Init                                     _build/stm32f401ce_discovery/obj/lib/st/stm32f4xx_hal_driver/Src/stm32f4xx_hal_gpio.o (symbol from plugin)
                                                  _build/stm32f401ce_discovery/obj/lib/st/stm32f4xx_hal_driver/Src/stm32f4xx_hal_rcc.o (symbol from plugin)
                                                  _build/stm32f401ce_discovery/obj/ports/stm32f4/boards.o (symbol from plugin)
HAL_GPIO_LockPin                                  _build/stm32f401ce_discovery/obj/lib/st/stm32f4xx_hal_driver/Src/stm32f4xx_hal_gpio.o (symbol from plugin)
HAL_GPIO_ReadPin                                  _build/stm32f401ce_discovery/obj/lib/st/stm32f4xx_hal_driver/Src/stm32f4xx_hal_gpio.o (symbol from plugin)
HAL_GPIO_TogglePin                                _build/stm32f401ce_discovery/obj/lib/st/stm32f4xx_hal_driver/Src/stm32f4xx_hal_gpio.o (symbol from plugin)
HAL_GPIO_WritePin                                 _build/stm32f401ce_discovery/obj/lib/st/stm32f4xx_hal_driver/Src/stm32f4xx_hal_gpio.o (symbol from plugin)
                                                  _build/stm32f401ce_discovery/obj/ports/stm32f4/boards.o (symbol from plugin)
HAL_GetDEVID                                      _build/stm32f401ce_discovery/obj/lib/st/stm32f4xx_hal_driver/Src/stm32f4xx_hal.o (symbol from plugin)
HAL_GetHalVersion                                 _build/stm32f401ce_discovery/obj/lib/st/stm32f4xx_hal_driver/Src/stm32f4xx_hal.o (symbol from plugin)
HAL_GetREVID                                      _build/stm32f401ce_discovery/obj/lib/st/stm32f4xx_hal_driver/Src/stm32f4xx_hal.o (symbol from plugin)
HAL_GetTick                                       _build/stm32f401ce_discovery/obj/lib/st/stm32f4xx_hal_driver/Src/stm32f4xx_hal.o (symbol from plugin)
                                                  _build/stm32f401ce_discovery/obj/lib/st/stm32f4xx_hal_driver/Src/stm32f4xx_hal_uart.o (symbol from plugin)
                                                  _build/stm32f401ce_discovery/obj/lib/st/stm32f4xx_hal_driver/Src/stm32f4xx_hal_flash.o (symbol from plugin)
                                                  _build/stm32f401ce_discovery/obj/lib/st/stm32f4xx_hal_driver/Src/stm32f4xx_hal_rcc.o (symbol from plugin)
HAL_GetTickFreq                                   _build/stm32f401ce_discovery/obj/lib/st/stm32f4xx_hal_driver/Src/stm32f4xx_hal.o (symbol from plugin)
HAL_GetTickPrio                                   _build/stm32f401ce_discovery/obj/lib/st/stm32f4xx_hal_driver/Src/stm32f4xx_hal.o (symbol from plugin)
HAL_GetUIDw0                                      _build/stm32f401ce_discovery/obj/lib/st/stm32f4xx_hal_driver/Src/stm32f4xx_hal.o (symbol from plugin)
HAL_GetUIDw1                                      _build/stm32f401ce_discovery/obj/lib/st/stm32f4xx_hal_driver/Src/stm32f4xx_hal.o (symbol from plugin)
HAL_GetUIDw2                                      _build/stm32f401ce_discovery/obj/lib/st/stm32f4xx_hal_driver/Src/stm32f4xx_hal.o (symbol from plugin)
HAL_HalfDuplex_EnableReceiver                     _build/stm32f401ce_discovery/obj/lib/st/stm32f4xx_hal_driver/Src/stm32f4xx_hal_uart.o (symbol from plugin)
HAL_HalfDuplex_EnableTransmitter                  _build/stm32f401ce_discovery/obj/lib/st/stm32f4xx_hal_driver/Src/stm32f4xx_hal_uart.o (symbol from plugin)
HAL_HalfDuplex_Init                               _build/stm32f401ce_discovery/obj/lib/st/stm32f4xx_hal_driver/Src/stm32f4xx_hal_uart.o (symbol from plugin)
HAL_IncTick                                       _build/stm32f401ce_discovery/obj/lib/st/stm32f4xx_hal_driver/Src/stm32f4xx_hal.o (symbol from plugin)
HAL_Init                                          _build/stm32f401ce_discovery/obj/lib/st/stm32f4xx_hal_driver/Src/stm32f4xx_hal.o (symbol from plugin)
HAL_InitTick                                      _build/stm32f401ce_discovery/obj/lib/st/stm32f4xx_hal_driver/Src/stm32f4xx_hal.o (symbol from plugin)
                                                  _build/stm32f401ce_discovery/obj/lib/st/stm32f4xx_hal_driver/Src/stm32f4xx_hal_rcc.o (symbol from plugin)
HAL_LIN_Init                                      _build/stm32f401ce_discovery/obj/lib/st/stm32f4xx_hal_driver/Src/stm32f4xx_hal_uart.o (symbol from plugin)
HAL_LIN_SendBreak                                 _build/stm32f401ce_discovery/obj/lib/st/stm32f4xx_hal_driver/Src/stm32f4xx_hal_uart.o (symbol from plugin)
HAL_MPU_ConfigRegion                              _build/stm32f401ce_discovery/obj/lib/st/stm32f4xx_hal_driver/Src/stm32f4xx_hal_cortex.o (symbol from plugin)
HAL_MPU_Disable                                   _build/stm32f401ce_discovery/obj/lib/st/stm32f4xx_hal_driver/Src/stm32f4xx_hal_cortex.o (symbol from plugin)
HAL_MPU_Enable                                    _build/stm32f401ce_discovery/obj/lib/st/stm32f4xx_hal_driver/Src/stm32f4xx_hal_cortex.o (symbol from plugin)
HAL_MspDeInit                                     _build/stm32f401ce_discovery/obj/lib/st/stm32f4xx_hal_driver/Src/stm32f4xx_hal.o (symbol from plugin)
HAL_MspInit                                       _build/stm32f401ce_discovery/obj/lib/st/stm32f4xx_hal_driver/Src/stm32f4xx_hal.o (symbol from plugin)
HAL_MultiProcessor_EnterMuteMode                  _build/stm32f401ce_discovery/obj/lib/st/stm32f4xx_hal_driver/Src/stm32f4xx_hal_uart.o (symbol from plugin)
HAL_MultiProcessor_ExitMuteMode                   _build/stm32f401ce_discovery/obj/lib/st/stm32f4xx_hal_driver/Src/stm32f4xx_hal_uart.o (symbol from plugin)
HAL_MultiProcessor_Init                           _build/stm32f401ce_discovery/obj/lib/st/stm32f4xx_hal_driver/Src/stm32f4xx_hal_uart.o (symbol from plugin)
HAL_NVIC_ClearPendingIRQ                          _build/stm32f401ce_discovery/obj/lib/st/stm32f4xx_hal_driver/Src/stm32f4xx_hal_cortex.o (symbol from plugin)
HAL_NVIC_DisableIRQ                               _build/stm32f401ce_discovery/obj/lib/st/stm32f4xx_hal_driver/Src/stm32f4xx_hal_cortex.o (symbol from plugin)
HAL_NVIC_EnableIRQ                                _build/stm32f401ce_discovery/obj/lib/st/stm32f4xx_hal_driver/Src/stm32f4xx_hal_cortex.o (symbol from plugin)
HAL_NVIC_GetActive                                _build/stm32f401ce_discovery/obj/lib/st/stm32f4xx_hal_driver/Src/stm32f4xx_hal_cortex.o (symbol from plugin)
HAL_NVIC_GetPendingIRQ                            _build/stm32f401ce_discovery/obj/lib/st/stm32f4xx_hal_driver/Src/stm32f4xx_hal_cortex.o (symbol from plugin)
HAL_NVIC_GetPriority                              _build/stm32f401ce_discovery/obj/lib/st/stm32f4xx_hal_driver/Src/stm32f4xx_hal_cortex.o (symbol from plugin)
HAL_NVIC_GetPriorityGrouping                      _build/stm32f401ce_discovery/obj/lib/st/stm32f4xx_hal_driver/Src/stm32f4xx_hal_cortex.o (symbol from plugin)
HAL_NVIC_SetPendingIRQ                            _build/stm32f401ce_discovery/obj/lib/st/stm32f4xx_hal_driver/Src/stm32f4xx_hal_cortex.o (symbol from plugin)
HAL_NVIC_SetPriority                              _build/stm32f401ce_discovery/obj/lib/st/stm32f4xx_hal_driver/Src/stm32f4xx_hal_cortex.o (symbol from plugin)
                                                  _build/stm32f401ce_discovery/obj/lib/st/stm32f4xx_hal_driver/Src/stm32f4xx_hal.o (symbol from plugin)
HAL_NVIC_SetPriorityGrouping                      _build/stm32f401ce_discovery/obj/lib/st/stm32f4xx_hal_driver/Src/stm32f4xx_hal_cortex.o (symbol from plugin)
                                                  _build/stm32f401ce_discovery/obj/lib/st/stm32f4xx_hal_driver/Src/stm32f4xx_hal.o (symbol from plugin)
HAL_NVIC_SystemReset                              _build/stm32f401ce_discovery/obj/lib/st/stm32f4xx_hal_driver/Src/stm32f4xx_hal_cortex.o (symbol from plugin)
HAL_RCC_CSSCallback                               _build/stm32f401ce_discovery/obj/lib/st/stm32f4xx_hal_driver/Src/stm32f4xx_hal_rcc.o (symbol from plugin)
HAL_RCC_ClockConfig                               _build/stm32f401ce_discovery/obj/lib/st/stm32f4xx_hal_driver/Src/stm32f4xx_hal_rcc.o (symbol from plugin)
                                                  _build/stm32f401ce_discovery/obj/ports/stm32f4/boards.o (symbol from plugin)
HAL_RCC_DeInit                                    _build/stm32f401ce_discovery/obj/lib/st/stm32f4xx_hal_driver/Src/stm32f4xx_hal_rcc.o (symbol from plugin)
                                                  _build/stm32f401ce_discovery/obj/ports/stm32f4/boards.o (symbol from plugin)
HAL_RCC_DisableCSS                                _build/stm32f401ce_discovery/obj/lib/st/stm32f4xx_hal_driver/Src/stm32f4xx_hal_rcc.o (symbol from plugin)
HAL_RCC_EnableCSS                                 _build/stm32f401ce_discovery/obj/lib/st/stm32f4xx_hal_driver/Src/stm32f4xx_hal_rcc.o (symbol from plugin)
HAL_RCC_GetClockConfig                            _build/stm32f401ce_discovery/obj/lib/st/stm32f4xx_hal_driver/Src/stm32f4xx_hal_rcc.o (symbol from plugin)
HAL_RCC_GetHCLKFreq                               _build/stm32f401ce_discovery/obj/lib/st/stm32f4xx_hal_driver/Src/stm32f4xx_hal_rcc.o (symbol from plugin)
HAL_RCC_GetOscConfig                              _build/stm32f401ce_discovery/obj/lib/st/stm32f4xx_hal_driver/Src/stm32f4xx_hal_rcc.o (symbol from plugin)
HAL_RCC_GetPCLK1Freq                              _build/stm32f401ce_discovery/obj/lib/st/stm32f4xx_hal_driver/Src/stm32f4xx_hal_rcc.o (symbol from plugin)
                                                  _build/stm32f401ce_discovery/obj/lib/st/stm32f4xx_hal_driver/Src/stm32f4xx_hal_uart.o (symbol from plugin)
HAL_RCC_GetPCLK2Freq                              _build/stm32f401ce_discovery/obj/lib/st/stm32f4xx_hal_driver/Src/stm32f4xx_hal_rcc.o (symbol from plugin)
                                                  _build/stm32f401ce_discovery/obj/lib/st/stm32f4xx_hal_driver/Src/stm32f4xx_hal_uart.o (symbol from plugin)
HAL_RCC_GetSysClockFreq                           _build/stm32f401ce_discovery/obj/lib/st/stm32f4xx_hal_driver/Src/stm32f4xx_hal_rcc.o (symbol from plugin)
HAL_RCC_MCOConfig                                 _build/stm32f401ce_discovery/obj/lib/st/stm32f4xx_hal_driver/Src/stm32f4xx_hal_rcc.o (symbol from plugin)
HAL_RCC_NMI_IRQHandler                            _build/stm32f401ce_discovery/obj/lib/st/stm32f4xx_hal_driver/Src/stm32f4xx_hal_rcc.o (symbol from plugin)
HAL_RCC_OscConfig                                 _build/stm32f401ce_discovery/obj/lib/st/stm32f4xx_hal_driver/Src/stm32f4xx_hal_rcc.o (symbol from plugin)
                                                  _build/stm32f401ce_discovery/obj/ports/stm32f4/boards.o (symbol from plugin)
HAL_ResumeTick                                    _build/stm32f401ce_discovery/obj/lib/st/stm32f4xx_hal_driver/Src/stm32f4xx_hal.o (symbol from plugin)
HAL_SYSTICK_CLKSourceConfig                       _build/stm32f401ce_discovery/obj/lib/st/stm32f4xx_hal_driver/Src/stm32f4xx_hal_cortex.o (symbol from plugin)
HAL_SYSTICK_Callback                              _build/stm32f401ce_discovery/obj/lib/st/stm32f4xx_hal_driver/Src/stm32f4xx_hal_cortex.o (symbol from plugin)
HAL_SYSTICK_Config                                _build/stm32f401ce_discovery/obj/lib/st/stm32f4xx_hal_driver/Src/stm32f4xx_hal_cortex.o (symbol from plugin)
                                                  _build/stm32f401ce_discovery/obj/lib/st/stm32f4xx_hal_driver/Src/stm32f4xx_hal.o (symbol from plugin)
HAL_SYSTICK_IRQHandler                            _build/stm32f401ce_discovery/obj/lib/st/stm32f4xx_hal_driver/Src/stm32f4xx_hal_cortex.o (symbol from plugin)
HAL_SetTickFreq                                   _build/stm32f401ce_discovery/obj/lib/st/stm32f4xx_hal_driver/Src/stm32f4xx_hal.o (symbol from plugin)
HAL_SuspendTick                                   _build/stm32f401ce_discovery/obj/lib/st/stm32f4xx_hal_driver/Src/stm32f4xx_hal.o (symbol from plugin)
HAL_UARTEx_ReceiveToIdle                          _build/stm32f401ce_discovery/obj/lib/st/stm32f4xx_hal_driver/Src/stm32f4xx_hal_uart.o (symbol from plugin)
HAL_UARTEx_ReceiveToIdle_DMA                      _build/stm32f401ce_discovery/obj/lib/st/stm32f4xx_hal_driver/Src/stm32f4xx_hal_uart.o (symbol from plugin)
HAL_UARTEx_ReceiveToIdle_IT                       _build/stm32f401ce_discovery/obj/lib/st/stm32f4xx_hal_driver/Src/stm32f4xx_hal_uart.o (symbol from plugin)
HAL_UARTEx_RxEventCallback                        _build/stm32f401ce_discovery/obj/lib/st/stm32f4xx_hal_driver/Src/stm32f4xx_hal_uart.o (symbol from plugin)
HAL_UART_Abort                                    _build/stm32f401ce_discovery/obj/lib/st/stm32f4xx_hal_driver/Src/stm32f4xx_hal_uart.o (symbol from plugin)
HAL_UART_AbortCpltCallback                        _build/stm32f401ce_discovery/obj/lib/st/stm32f4xx_hal_driver/Src/stm32f4xx_hal_uart.o (symbol from plugin)
HAL_UART_AbortReceive                             _build/stm32f401ce_discovery/obj/lib/st/stm32f4xx_hal_driver/Src/stm32f4xx_hal_uart.o (symbol from plugin)
HAL_UART_AbortReceiveCpltCallback                 _build/stm32f401ce_discovery/obj/lib/st/stm32f4xx_hal_driver/Src/stm32f4xx_hal_uart.o (symbol from plugin)
HAL_UART_AbortReceive_IT                          _build/stm32f401ce_discovery/obj/lib/st/stm32f4xx_hal_driver/Src/stm32f4xx_hal_uart.o (symbol from plugin)
HAL_UART_AbortTransmit                            _build/stm32f401ce_discovery/obj/lib/st/stm32f4xx_hal_driver/Src/stm32f4xx_hal_uart.o (symbol from plugin)
HAL_UART_AbortTransmitCpltCallback                _build/stm32f401ce_discovery/obj/lib/st/stm32f4xx_hal_driver/Src/stm32f4xx_hal_uart.o (symbol from plugin)
HAL_UART_AbortTransmit_IT                         _build/stm32f401ce_discovery/obj/lib/st/stm32f4xx_hal_driver/Src/stm32f4xx_hal_uart.o (symbol from plugin)
HAL_UART_Abort_IT                                 _build/stm32f401ce_discovery/obj/lib/st/stm32f4xx_hal_driver/Src/stm32f4xx_hal_uart.o (symbol from plugin)
HAL_UART_DMAPause                                 _build/stm32f401ce_discovery/obj/lib/st/stm32f4xx_hal_driver/Src/stm32f4xx_hal_uart.o (symbol from plugin)
HAL_UART_DMAResume                                _build/stm32f401ce_discovery/obj/lib/st/stm32f4xx_hal_driver/Src/stm32f4xx_hal_uart.o (symbol from plugin)
HAL_UART_DMAStop                                  _build/stm32f401ce_discovery/obj/lib/st/stm32f4xx_hal_driver/Src/stm32f4xx_hal_uart.o (symbol from plugin)
HAL_UART_DeInit                                   _build/stm32f401ce_discovery/obj/lib/st/stm32f4xx_hal_driver/Src/stm32f4xx_hal_uart.o (symbol from plugin)
HAL_UART_ErrorCallback                            _build/stm32f401ce_discovery/obj/lib/st/stm32f4xx_hal_driver/Src/stm32f4xx_hal_uart.o (symbol from plugin)
HAL_UART_GetError                                 _build/stm32f401ce_discovery/obj/lib/st/stm32f4xx_hal_driver/Src/stm32f4xx_hal_uart.o (symbol from plugin)
HAL_UART_GetState                                 _build/stm32f401ce_discovery/obj/lib/st/stm32f4xx_hal_driver/Src/stm32f4xx_hal_uart.o (symbol from plugin)
HAL_UART_IRQHandler                               _build/stm32f401ce_discovery/obj/lib/st/stm32f4xx_hal_driver/Src/stm32f4xx_hal_uart.o (symbol from plugin)
HAL_UART_Init                                     _build/stm32f401ce_discovery/obj/lib/st/stm32f4xx_hal_driver/Src/stm32f4xx_hal_uart.o (symbol from plugin)
HAL_UART_MspDeInit                                _build/stm32f401ce_discovery/obj/lib/st/stm32f4xx_hal_driver/Src/stm32f4xx_hal_uart.o (symbol from plugin)
HAL_UART_MspInit                                  _build/stm32f401ce_discovery/obj/lib/st/stm32f4xx_hal_driver/Src/stm32f4xx_hal_uart.o (symbol from plugin)
HAL_UART_Receive                                  _build/stm32f401ce_discovery/obj/lib/st/stm32f4xx_hal_driver/Src/stm32f4xx_hal_uart.o (symbol from plugin)
HAL_UART_Receive_DMA                              _build/stm32f401ce_discovery/obj/lib/st/stm32f4xx_hal_driver/Src/stm32f4xx_hal_uart.o (symbol from plugin)
HAL_UART_Receive_IT                               _build/stm32f401ce_discovery/obj/lib/st/stm32f4xx_hal_driver/Src/stm32f4xx_hal_uart.o (symbol from plugin)
HAL_UART_RxCpltCallback                           _build/stm32f401ce_discovery/obj/lib/st/stm32f4xx_hal_driver/Src/stm32f4xx_hal_uart.o (symbol from plugin)
HAL_UART_RxHalfCpltCallback                       _build/stm32f401ce_discovery/obj/lib/st/stm32f4xx_hal_driver/Src/stm32f4xx_hal_uart.o (symbol from plugin)
HAL_UART_Transmit                                 _build/stm32f401ce_discovery/obj/lib/st/stm32f4xx_hal_driver/Src/stm32f4xx_hal_uart.o (symbol from plugin)
HAL_UART_Transmit_DMA                             _build/stm32f401ce_discovery/obj/lib/st/stm32f4xx_hal_driver/Src/stm32f4xx_hal_uart.o (symbol from plugin)
HAL_UART_Transmit_IT                              _build/stm32f401ce_discovery/obj/lib/st/stm32f4xx_hal_driver/Src/stm32f4xx_hal_uart.o (symbol from plugin)
HAL_UART_TxCpltCallback                           _build/stm32f401ce_discovery/obj/lib/st/stm32f4xx_hal_driver/Src/stm32f4xx_hal_uart.o (symbol from plugin)
HAL_UART_TxHalfCpltCallback                       _build/stm32f401ce_discovery/obj/lib/st/stm32f4xx_hal_driver/Src/stm32f4xx_hal_uart.o (symbol from plugin)
HardFault_Handler                                 _build/stm32f401ce_discovery/obj/lib/st/cmsis_device_f4/Source/Templates/gcc/startup_stm32f401xc.o
I2C1_ER_IRQHandler                                _build/stm32f401ce_discovery/obj/lib/st/cmsis_device_f4/Source/Templates/gcc/startup_stm32f401xc.o
I2C1_EV_IRQHandler                                _build/stm32f401ce_discovery/obj/lib/st/cmsis_device_f4/Source/Templates/gcc/startup_stm32f401xc.o
I2C2_ER_IRQHandler                                _build/stm32f401ce_discovery/obj/lib/st/cmsis_device_f4/Source/Templates/gcc/startup_stm32f401xc.o
I2C2_EV_IRQHandler                                _build/stm32f401ce_discovery/obj/lib/st/cmsis_device_f4/Source/Templates/gcc/startup_stm32f401xc.o
I2C3_ER_IRQHandler                                _build/stm32f401ce_discovery/obj/lib/st/cmsis_device_f4/Source/Templates/gcc/startup_stm32f401xc.o
I2C3_EV_IRQHandler                                _build/stm32f401ce_discovery/obj/lib/st/cmsis_device_f4/Source/Templates/gcc/startup_stm32f401xc.o
MemManage_Handler                                 _build/stm32f401ce_discovery/obj/lib/st/cmsis_device_f4/Source/Templates/gcc/startup_stm32f401xc.o
NMI_Handler                                       _build/stm32f401ce_discovery/obj/lib/st/cmsis_device_f4/Source/Templates/gcc/startup_stm32f401xc.o
OTG_FS_IRQHandler                                 C:\QMK_MSYS\tmp\tinyuf2-stm32f401ce_discovery.elf.HhFY0g.ltrans0.ltrans.o
                                                  _build/stm32f401ce_discovery/obj/ports/stm32f4/boards.o (symbol from plugin)
                                                  _build/stm32f401ce_discovery/obj/lib/st/cmsis_device_f4/Source/Templates/gcc/startup_stm32f401xc.o
OTG_FS_WKUP_IRQHandler                            _build/stm32f401ce_discovery/obj/lib/st/cmsis_device_f4/Source/Templates/gcc/startup_stm32f401xc.o
PVD_IRQHandler                                    _build/stm32f401ce_discovery/obj/lib/st/cmsis_device_f4/Source/Templates/gcc/startup_stm32f401xc.o
PendSV_Handler                                    _build/stm32f401ce_discovery/obj/lib/st/cmsis_device_f4/Source/Templates/gcc/startup_stm32f401xc.o
RCC_IRQHandler                                    _build/stm32f401ce_discovery/obj/lib/st/cmsis_device_f4/Source/Templates/gcc/startup_stm32f401xc.o
RGB_DOUBLE_TAP                                    _build/stm32f401ce_discovery/obj/src/main.o (symbol from plugin)
RGB_OFF                                           _build/stm32f401ce_discovery/obj/src/main.o (symbol from plugin)
RGB_UNKNOWN                                       _build/stm32f401ce_discovery/obj/src/main.o (symbol from plugin)
RGB_USB_MOUNTED                                   _build/stm32f401ce_discovery/obj/src/main.o (symbol from plugin)
RGB_USB_UNMOUNTED                                 _build/stm32f401ce_discovery/obj/src/main.o (symbol from plugin)
RGB_WRITING                                       _build/stm32f401ce_discovery/obj/src/main.o (symbol from plugin)
RTC_Alarm_IRQHandler                              _build/stm32f401ce_discovery/obj/lib/st/cmsis_device_f4/Source/Templates/gcc/startup_stm32f401xc.o
RTC_WKUP_IRQHandler                               _build/stm32f401ce_discovery/obj/lib/st/cmsis_device_f4/Source/Templates/gcc/startup_stm32f401xc.o
Reset_Handler                                     _build/stm32f401ce_discovery/obj/lib/st/cmsis_device_f4/Source/Templates/gcc/startup_stm32f401xc.o
SDIO_IRQHandler                                   _build/stm32f401ce_discovery/obj/lib/st/cmsis_device_f4/Source/Templates/gcc/startup_stm32f401xc.o
SPI1_IRQHandler                                   _build/stm32f401ce_discovery/obj/lib/st/cmsis_device_f4/Source/Templates/gcc/startup_stm32f401xc.o
SPI2_IRQHandler                                   _build/stm32f401ce_discovery/obj/lib/st/cmsis_device_f4/Source/Templates/gcc/startup_stm32f401xc.o
SPI3_IRQHandler                                   _build/stm32f401ce_discovery/obj/lib/st/cmsis_device_f4/Source/Templates/gcc/startup_stm32f401xc.o
SPI4_IRQHandler                                   _build/stm32f401ce_discovery/obj/lib/st/cmsis_device_f4/Source/Templates/gcc/startup_stm32f401xc.o
SVC_Handler                                       _build/stm32f401ce_discovery/obj/lib/st/cmsis_device_f4/Source/Templates/gcc/startup_stm32f401xc.o
SysTick_Handler                                   C:\QMK_MSYS\tmp\tinyuf2-stm32f401ce_discovery.elf.HhFY0g.ltrans0.ltrans.o
                                                  _build/stm32f401ce_discovery/obj/ports/stm32f4/boards.o (symbol from plugin)
                                                  _build/stm32f401ce_discovery/obj/lib/st/cmsis_device_f4/Source/Templates/gcc/startup_stm32f401xc.o
SystemCoreClock                                   _build/stm32f401ce_discovery/obj/lib/st/cmsis_device_f4/Source/Templates/system_stm32f4xx.o (symbol from plugin)
                                                  _build/stm32f401ce_discovery/obj/lib/tinyusb/src/portable/synopsys/dwc2/dcd_dwc2.o (symbol from plugin)
                                                  _build/stm32f401ce_discovery/obj/lib/st/stm32f4xx_hal_driver/Src/stm32f4xx_hal_rcc.o (symbol from plugin)
                                                  _build/stm32f401ce_discovery/obj/lib/st/stm32f4xx_hal_driver/Src/stm32f4xx_hal.o (symbol from plugin)
                                                  _build/stm32f401ce_discovery/obj/ports/stm32f4/boards.o (symbol from plugin)
SystemCoreClockUpdate                             _build/stm32f401ce_discovery/obj/lib/st/cmsis_device_f4/Source/Templates/system_stm32f4xx.o (symbol from plugin)
                                                  _build/stm32f401ce_discovery/obj/ports/stm32f4/boards.o (symbol from plugin)
SystemInit                                        C:\QMK_MSYS\tmp\tinyuf2-stm32f401ce_discovery.elf.HhFY0g.ltrans0.ltrans.o
                                                  _build/stm32f401ce_discovery/obj/lib/st/cmsis_device_f4/Source/Templates/system_stm32f4xx.o (symbol from plugin)
                                                  _build/stm32f401ce_discovery/obj/lib/st/cmsis_device_f4/Source/Templates/gcc/startup_stm32f401xc.o
TAMP_STAMP_IRQHandler                             _build/stm32f401ce_discovery/obj/lib/st/cmsis_device_f4/Source/Templates/gcc/startup_stm32f401xc.o
TIM1_BRK_TIM9_IRQHandler                          _build/stm32f401ce_discovery/obj/lib/st/cmsis_device_f4/Source/Templates/gcc/startup_stm32f401xc.o
TIM1_CC_IRQHandler                                _build/stm32f401ce_discovery/obj/lib/st/cmsis_device_f4/Source/Templates/gcc/startup_stm32f401xc.o
TIM1_TRG_COM_TIM11_IRQHandler                     _build/stm32f401ce_discovery/obj/lib/st/cmsis_device_f4/Source/Templates/gcc/startup_stm32f401xc.o
TIM1_UP_TIM10_IRQHandler                          _build/stm32f401ce_discovery/obj/lib/st/cmsis_device_f4/Source/Templates/gcc/startup_stm32f401xc.o
TIM2_IRQHandler                                   _build/stm32f401ce_discovery/obj/lib/st/cmsis_device_f4/Source/Templates/gcc/startup_stm32f401xc.o
TIM3_IRQHandler                                   _build/stm32f401ce_discovery/obj/lib/st/cmsis_device_f4/Source/Templates/gcc/startup_stm32f401xc.o
TIM4_IRQHandler                                   _build/stm32f401ce_discovery/obj/lib/st/cmsis_device_f4/Source/Templates/gcc/startup_stm32f401xc.o
TIM5_IRQHandler                                   _build/stm32f401ce_discovery/obj/lib/st/cmsis_device_f4/Source/Templates/gcc/startup_stm32f401xc.o
UART_Start_Receive_DMA                            _build/stm32f401ce_discovery/obj/lib/st/stm32f4xx_hal_driver/Src/stm32f4xx_hal_uart.o (symbol from plugin)
UART_Start_Receive_IT                             _build/stm32f401ce_discovery/obj/lib/st/stm32f4xx_hal_driver/Src/stm32f4xx_hal_uart.o (symbol from plugin)
USART1_IRQHandler                                 _build/stm32f401ce_discovery/obj/lib/st/cmsis_device_f4/Source/Templates/gcc/startup_stm32f401xc.o
USART2_IRQHandler                                 _build/stm32f401ce_discovery/obj/lib/st/cmsis_device_f4/Source/Templates/gcc/startup_stm32f401xc.o
USART6_IRQHandler                                 _build/stm32f401ce_discovery/obj/lib/st/cmsis_device_f4/Source/Templates/gcc/startup_stm32f401xc.o
UartHandle                                        _build/stm32f401ce_discovery/obj/ports/stm32f4/boards.o (symbol from plugin)
UsageFault_Handler                                _build/stm32f401ce_discovery/obj/lib/st/cmsis_device_f4/Source/Templates/gcc/startup_stm32f401xc.o
WWDG_IRQHandler                                   _build/stm32f401ce_discovery/obj/lib/st/cmsis_device_f4/Source/Templates/gcc/startup_stm32f401xc.o
__aeabi_idiv0                                     c:/qmk_msys/mingw64/bin/../lib/gcc/arm-none-eabi/10.1.0/thumb/v7e-m+fp/hard\libgcc.a(_dvmd_tls.o)
__aeabi_ldiv0                                     c:/qmk_msys/mingw64/bin/../lib/gcc/arm-none-eabi/10.1.0/thumb/v7e-m+fp/hard\libgcc.a(_dvmd_tls.o)
                                                  c:/qmk_msys/mingw64/bin/../lib/gcc/arm-none-eabi/10.1.0/thumb/v7e-m+fp/hard\libgcc.a(_aeabi_uldivmod.o)
                                                  c:/qmk_msys/mingw64/bin/../lib/gcc/arm-none-eabi/10.1.0/thumb/v7e-m+fp/hard\libgcc.a(_aeabi_ldivmod.o)
__aeabi_ldivmod                                   c:/qmk_msys/mingw64/bin/../lib/gcc/arm-none-eabi/10.1.0/thumb/v7e-m+fp/hard\libgcc.a(_aeabi_ldivmod.o)
                                                  C:\QMK_MSYS\tmp\tinyuf2-stm32f401ce_discovery.elf.HhFY0g.ltrans0.ltrans.o
__aeabi_uldivmod                                  c:/qmk_msys/mingw64/bin/../lib/gcc/arm-none-eabi/10.1.0/thumb/v7e-m+fp/hard\libgcc.a(_aeabi_uldivmod.o)
                                                  C:\QMK_MSYS\tmp\tinyuf2-stm32f401ce_discovery.elf.HhFY0g.ltrans0.ltrans.o
__init_array_end                                  c:/qmk_msys/mingw64/bin/../lib/gcc/arm-none-eabi/10.1.0/../../../../arm-none-eabi/lib/thumb/v7e-m+fp/hard\libc_nano.a(lib_a-init.o)
__init_array_start                                c:/qmk_msys/mingw64/bin/../lib/gcc/arm-none-eabi/10.1.0/../../../../arm-none-eabi/lib/thumb/v7e-m+fp/hard\libc_nano.a(lib_a-init.o)
__libc_init_array                                 c:/qmk_msys/mingw64/bin/../lib/gcc/arm-none-eabi/10.1.0/../../../../arm-none-eabi/lib/thumb/v7e-m+fp/hard\libc_nano.a(lib_a-init.o)
                                                  _build/stm32f401ce_discovery/obj/lib/st/cmsis_device_f4/Source/Templates/gcc/startup_stm32f401xc.o
__preinit_array_end                               c:/qmk_msys/mingw64/bin/../lib/gcc/arm-none-eabi/10.1.0/../../../../arm-none-eabi/lib/thumb/v7e-m+fp/hard\libc_nano.a(lib_a-init.o)
__preinit_array_start                             c:/qmk_msys/mingw64/bin/../lib/gcc/arm-none-eabi/10.1.0/../../../../arm-none-eabi/lib/thumb/v7e-m+fp/hard\libc_nano.a(lib_a-init.o)
__udivmoddi4                                      c:/qmk_msys/mingw64/bin/../lib/gcc/arm-none-eabi/10.1.0/thumb/v7e-m+fp/hard\libgcc.a(_udivmoddi4.o)
                                                  c:/qmk_msys/mingw64/bin/../lib/gcc/arm-none-eabi/10.1.0/thumb/v7e-m+fp/hard\libgcc.a(_aeabi_uldivmod.o)
                                                  c:/qmk_msys/mingw64/bin/../lib/gcc/arm-none-eabi/10.1.0/thumb/v7e-m+fp/hard\libgcc.a(_aeabi_ldivmod.o)
_board_dfu_dbl_tap                                C:\QMK_MSYS\tmp\tinyuf2-stm32f401ce_discovery.elf.HhFY0g.ltrans0.ltrans.o
                                                  _build/stm32f401ce_discovery/obj/src/main.o (symbol from plugin)
_ebss                                             _build/stm32f401ce_discovery/obj/lib/st/cmsis_device_f4/Source/Templates/gcc/startup_stm32f401xc.o
_edata                                            _build/stm32f401ce_discovery/obj/lib/st/cmsis_device_f4/Source/Templates/gcc/startup_stm32f401xc.o
_estack                                           _build/stm32f401ce_discovery/obj/lib/st/cmsis_device_f4/Source/Templates/gcc/startup_stm32f401xc.o
_init                                             C:\QMK_MSYS\tmp\tinyuf2-stm32f401ce_discovery.elf.HhFY0g.ltrans0.ltrans.o
                                                  _build/stm32f401ce_discovery/obj/ports/stm32f4/boards.o (symbol from plugin)
                                                  c:/qmk_msys/mingw64/bin/../lib/gcc/arm-none-eabi/10.1.0/../../../../arm-none-eabi/lib/thumb/v7e-m+fp/hard\libc_nano.a(lib_a-init.o)
_sbss                                             _build/stm32f401ce_discovery/obj/lib/st/cmsis_device_f4/Source/Templates/gcc/startup_stm32f401xc.o
_sdata                                            _build/stm32f401ce_discovery/obj/lib/st/cmsis_device_f4/Source/Templates/gcc/startup_stm32f401xc.o
_sidata                                           _build/stm32f401ce_discovery/obj/lib/st/cmsis_device_f4/Source/Templates/gcc/startup_stm32f401xc.o
_usbd_qdef                                        _build/stm32f401ce_discovery/obj/lib/tinyusb/src/device/usbd.o (symbol from plugin)
_usbd_qdef_buf                                    _build/stm32f401ce_discovery/obj/lib/tinyusb/src/device/usbd.o (symbol from plugin)
arrowLogo                                         _build/stm32f401ce_discovery/obj/src/images.o (symbol from plugin)
board_app_jump                                    _build/stm32f401ce_discovery/obj/ports/stm32f4/boards.o (symbol from plugin)
                                                  _build/stm32f401ce_discovery/obj/src/main.o (symbol from plugin)
board_app_valid                                   _build/stm32f401ce_discovery/obj/ports/stm32f4/boards.o (symbol from plugin)
                                                  _build/stm32f401ce_discovery/obj/src/main.o (symbol from plugin)
board_dfu_complete                                _build/stm32f401ce_discovery/obj/ports/stm32f4/boards.o (symbol from plugin)
                                                  _build/stm32f401ce_discovery/obj/src/msc.o (symbol from plugin)
board_dfu_init                                    _build/stm32f401ce_discovery/obj/ports/stm32f4/boards.o (symbol from plugin)
                                                  _build/stm32f401ce_discovery/obj/src/main.o (symbol from plugin)
board_flash.c.b48dfccb                            C:\QMK_MSYS\tmp\cclRMGab.debug.temp.o
                                                  C:\QMK_MSYS\tmp\tinyuf2-stm32f401ce_discovery.elf.HhFY0g.ltrans0.ltrans.o
board_flash_erase_app                             _build/stm32f401ce_discovery/obj/ports/stm32f4/board_flash.o (symbol from plugin)
                                                  _build/stm32f401ce_discovery/obj/src/main.o (symbol from plugin)
board_flash_flush                                 _build/stm32f401ce_discovery/obj/ports/stm32f4/board_flash.o (symbol from plugin)
                                                  _build/stm32f401ce_discovery/obj/src/ghostfat.o (symbol from plugin)
board_flash_init                                  _build/stm32f401ce_discovery/obj/ports/stm32f4/board_flash.o (symbol from plugin)
                                                  _build/stm32f401ce_discovery/obj/src/main.o (symbol from plugin)
board_flash_protect_bootloader                    _build/stm32f401ce_discovery/obj/ports/stm32f4/board_flash.o (symbol from plugin)
                                                  _build/stm32f401ce_discovery/obj/src/main.o (symbol from plugin)
board_flash_read                                  _build/stm32f401ce_discovery/obj/ports/stm32f4/board_flash.o (symbol from plugin)
                                                  _build/stm32f401ce_discovery/obj/src/ghostfat.o (symbol from plugin)
board_flash_size                                  _build/stm32f401ce_discovery/obj/ports/stm32f4/board_flash.o (symbol from plugin)
                                                  _build/stm32f401ce_discovery/obj/src/ghostfat.o (symbol from plugin)
board_flash_write                                 _build/stm32f401ce_discovery/obj/ports/stm32f4/board_flash.o (symbol from plugin)
                                                  _build/stm32f401ce_discovery/obj/src/ghostfat.o (symbol from plugin)
board_init                                        _build/stm32f401ce_discovery/obj/ports/stm32f4/boards.o (symbol from plugin)
                                                  _build/stm32f401ce_discovery/obj/src/main.o (symbol from plugin)
board_led_write                                   _build/stm32f401ce_discovery/obj/ports/stm32f4/boards.o (symbol from plugin)
                                                  _build/stm32f401ce_discovery/obj/src/main.o (symbol from plugin)
board_reset                                       _build/stm32f401ce_discovery/obj/ports/stm32f4/boards.o (symbol from plugin)
board_rgb_write                                   _build/stm32f401ce_discovery/obj/ports/stm32f4/boards.o (symbol from plugin)
                                                  _build/stm32f401ce_discovery/obj/src/main.o (symbol from plugin)
board_timer_handler                               _build/stm32f401ce_discovery/obj/src/main.o (symbol from plugin)
                                                  _build/stm32f401ce_discovery/obj/ports/stm32f4/boards.o (symbol from plugin)
board_timer_start                                 _build/stm32f401ce_discovery/obj/ports/stm32f4/boards.o (symbol from plugin)
                                                  _build/stm32f401ce_discovery/obj/src/main.o (symbol from plugin)
board_timer_stop                                  _build/stm32f401ce_discovery/obj/ports/stm32f4/boards.o (symbol from plugin)
                                                  _build/stm32f401ce_discovery/obj/src/main.o (symbol from plugin)
board_uart_write                                  _build/stm32f401ce_discovery/obj/ports/stm32f4/boards.o (symbol from plugin)
board_usb_get_serial                              _build/stm32f401ce_discovery/obj/ports/stm32f4/boards.o (symbol from plugin)
                                                  _build/stm32f401ce_discovery/obj/src/usb_descriptors.o (symbol from plugin)
boards.c.6ab3f7e9                                 C:\QMK_MSYS\tmp\ccm5rYWv.debug.temp.o
                                                  C:\QMK_MSYS\tmp\tinyuf2-stm32f401ce_discovery.elf.HhFY0g.ltrans0.ltrans.o
cdc_device.c.2c730d7b                             C:\QMK_MSYS\tmp\cclyAudd.debug.temp.o
dcd_connect                                       _build/stm32f401ce_discovery/obj/lib/tinyusb/src/portable/synopsys/dwc2/dcd_dwc2.o (symbol from plugin)
                                                  _build/stm32f401ce_discovery/obj/lib/tinyusb/src/device/usbd.o (symbol from plugin)
dcd_disconnect                                    _build/stm32f401ce_discovery/obj/lib/tinyusb/src/portable/synopsys/dwc2/dcd_dwc2.o (symbol from plugin)
                                                  _build/stm32f401ce_discovery/obj/lib/tinyusb/src/device/usbd.o (symbol from plugin)
dcd_dwc2.c.cac1b216                               C:\QMK_MSYS\tmp\ccSA9vuD.debug.temp.o
                                                  C:\QMK_MSYS\tmp\tinyuf2-stm32f401ce_discovery.elf.HhFY0g.ltrans0.ltrans.o
dcd_edpt0_status_complete                         C:\QMK_MSYS\tmp\tinyuf2-stm32f401ce_discovery.elf.HhFY0g.ltrans0.ltrans.o
                                                  _build/stm32f401ce_discovery/obj/lib/tinyusb/src/device/usbd_control.o (symbol from plugin)
dcd_edpt_clear_stall                              _build/stm32f401ce_discovery/obj/lib/tinyusb/src/portable/synopsys/dwc2/dcd_dwc2.o (symbol from plugin)
                                                  _build/stm32f401ce_discovery/obj/lib/tinyusb/src/device/usbd.o (symbol from plugin)
dcd_edpt_close                                    _build/stm32f401ce_discovery/obj/lib/tinyusb/src/portable/synopsys/dwc2/dcd_dwc2.o (symbol from plugin)
                                                  _build/stm32f401ce_discovery/obj/lib/tinyusb/src/device/usbd.o (symbol from plugin)
dcd_edpt_close_all                                _build/stm32f401ce_discovery/obj/lib/tinyusb/src/portable/synopsys/dwc2/dcd_dwc2.o (symbol from plugin)